Component: ARM Compiler 5.06 update 4 (build 422) Tool: armlink [4d35d2]

==============================================================================

Section Cross References

    startup_stm32f429xx.o(STACK) refers (Special) to heapauxi.o(.text) for __use_two_region_memory
    startup_stm32f429xx.o(HEAP) refers (Special) to heapauxi.o(.text) for __use_two_region_memory
    startup_stm32f429xx.o(RESET) refers (Special) to heapauxi.o(.text) for __use_two_region_memory
    startup_stm32f429xx.o(RESET) refers to startup_stm32f429xx.o(STACK) for __initial_sp
    startup_stm32f429xx.o(RESET) refers to startup_stm32f429xx.o(.text) for Reset_Handler
    startup_stm32f429xx.o(RESET) refers to port.o(.emb_text) for SVC_Handler
    startup_stm32f429xx.o(RESET) refers to stm32f4xx_it.o(i.SysTick_Handler) for SysTick_Handler
    startup_stm32f429xx.o(RESET) refers to stm32f4xx_it.o(i.RTC_WKUP_IRQHandler) for RTC_WKUP_IRQHandler
    startup_stm32f429xx.o(RESET) refers to stm32f4xx_it.o(i.EXTI2_IRQHandler) for EXTI2_IRQHandler
    startup_stm32f429xx.o(RESET) refers to stm32f4xx_it.o(i.EXTI3_IRQHandler) for EXTI3_IRQHandler
    startup_stm32f429xx.o(RESET) refers to stm32f4xx_it.o(i.EXTI9_5_IRQHandler) for EXTI9_5_IRQHandler
    startup_stm32f429xx.o(RESET) refers to stm32f4xx_it.o(i.TIM3_IRQHandler) for TIM3_IRQHandler
    startup_stm32f429xx.o(RESET) refers to stm32f4xx_it.o(i.USART1_IRQHandler) for USART1_IRQHandler
    startup_stm32f429xx.o(RESET) refers to stm32f4xx_it.o(i.EXTI15_10_IRQHandler) for EXTI15_10_IRQHandler
    startup_stm32f429xx.o(RESET) refers to stm32f4xx_it.o(i.TIM8_TRG_COM_TIM14_IRQHandler) for TIM8_TRG_COM_TIM14_IRQHandler
    startup_stm32f429xx.o(RESET) refers to stm32f4xx_it.o(i.TIM6_DAC_IRQHandler) for TIM6_DAC_IRQHandler
    startup_stm32f429xx.o(RESET) refers to stm32f4xx_it.o(i.TIM7_IRQHandler) for TIM7_IRQHandler
    startup_stm32f429xx.o(RESET) refers to stm32f4xx_it.o(i.DMA2_Stream2_IRQHandler) for DMA2_Stream2_IRQHandler
    startup_stm32f429xx.o(RESET) refers to stm32f4xx_it.o(i.CAN2_TX_IRQHandler) for CAN2_TX_IRQHandler
    startup_stm32f429xx.o(RESET) refers to stm32f4xx_it.o(i.CAN2_RX0_IRQHandler) for CAN2_RX0_IRQHandler
    startup_stm32f429xx.o(RESET) refers to stm32f4xx_it.o(i.CAN2_RX1_IRQHandler) for CAN2_RX1_IRQHandler
    startup_stm32f429xx.o(RESET) refers to stm32f4xx_it.o(i.DMA2_Stream7_IRQHandler) for DMA2_Stream7_IRQHandler
    startup_stm32f429xx.o(RESET) refers to stm32f4xx_it.o(i.LTDC_IRQHandler) for LTDC_IRQHandler
    startup_stm32f429xx.o(RESET) refers to stm32f4xx_it.o(i.DMA2D_IRQHandler) for DMA2D_IRQHandler
    startup_stm32f429xx.o(.text) refers (Special) to heapauxi.o(.text) for __use_two_region_memory
    startup_stm32f429xx.o(.text) refers to system_stm32f4xx.o(i.SystemInit) for SystemInit
    startup_stm32f429xx.o(.text) refers to __main.o(!!!main) for __main
    startup_stm32f429xx.o(.text) refers to startup_stm32f429xx.o(HEAP) for Heap_Mem
    startup_stm32f429xx.o(.text) refers to startup_stm32f429xx.o(STACK) for Stack_Mem
    system_stm32f4xx.o(i.SystemCoreClockUpdate) refers to system_stm32f4xx.o(.data) for SystemCoreClock
    system_stm32f4xx.o(i.SystemCoreClockUpdate) refers to system_stm32f4xx.o(.constdata) for AHBPrescTable
    stm32f4xx_hal_pwr.o(i.HAL_PWR_PVD_IRQHandler) refers to stm32f4xx_hal_pwr.o(i.HAL_PWR_PVDCallback) for HAL_PWR_PVDCallback
    stm32f4xx_hal_crc.o(i.HAL_CRC_DeInit) refers to stm32f4xx_hal_msp.o(i.HAL_CRC_MspDeInit) for HAL_CRC_MspDeInit
    stm32f4xx_hal_crc.o(i.HAL_CRC_Init) refers to stm32f4xx_hal_msp.o(i.HAL_CRC_MspInit) for HAL_CRC_MspInit
    stm32f4xx_hal_rcc.o(i.HAL_RCC_ClockConfig) refers to stm32f4xx_hal.o(i.HAL_GetTick) for HAL_GetTick
    stm32f4xx_hal_rcc.o(i.HAL_RCC_ClockConfig) refers to stm32f4xx_hal_rcc.o(i.HAL_RCC_GetSysClockFreq) for HAL_RCC_GetSysClockFreq
    stm32f4xx_hal_rcc.o(i.HAL_RCC_ClockConfig) refers to stm32f4xx_hal_timebase_tim.o(i.HAL_InitTick) for HAL_InitTick
    stm32f4xx_hal_rcc.o(i.HAL_RCC_ClockConfig) refers to system_stm32f4xx.o(.constdata) for AHBPrescTable
    stm32f4xx_hal_rcc.o(i.HAL_RCC_ClockConfig) refers to system_stm32f4xx.o(.data) for SystemCoreClock
    stm32f4xx_hal_rcc.o(i.HAL_RCC_GetHCLKFreq) refers to system_stm32f4xx.o(.data) for SystemCoreClock
    stm32f4xx_hal_rcc.o(i.HAL_RCC_GetPCLK1Freq) refers to stm32f4xx_hal_rcc.o(i.HAL_RCC_GetHCLKFreq) for HAL_RCC_GetHCLKFreq
    stm32f4xx_hal_rcc.o(i.HAL_RCC_GetPCLK1Freq) refers to system_stm32f4xx.o(.constdata) for APBPrescTable
    stm32f4xx_hal_rcc.o(i.HAL_RCC_GetPCLK2Freq) refers to stm32f4xx_hal_rcc.o(i.HAL_RCC_GetHCLKFreq) for HAL_RCC_GetHCLKFreq
    stm32f4xx_hal_rcc.o(i.HAL_RCC_GetPCLK2Freq) refers to system_stm32f4xx.o(.constdata) for APBPrescTable
    stm32f4xx_hal_rcc.o(i.HAL_RCC_MCOConfig) refers to stm32f4xx_hal_gpio.o(i.HAL_GPIO_Init) for HAL_GPIO_Init
    stm32f4xx_hal_rcc.o(i.HAL_RCC_NMI_IRQHandler) refers to stm32f4xx_hal_rcc.o(i.HAL_RCC_CSSCallback) for HAL_RCC_CSSCallback
[...]
    DMA2D_IRQHandler                         0x20000719   Thumb Code    26  stm32f4xx_it.o(i.DMA2D_IRQHandler)
    DMA2_Stream2_IRQHandler                  0x20000849   Thumb Code    10  stm32f4xx_it.o(i.DMA2_Stream2_IRQHandler)
    DMA2_Stream7_IRQHandler                  0x20000859   Thumb Code    26  stm32f4xx_it.o(i.DMA2_Stream7_IRQHandler)
    EXTI15_10_IRQHandler                     0x20000989   Thumb Code    20  stm32f4xx_it.o(i.EXTI15_10_IRQHandler)
    EXTI2_IRQHandler                         0x200009a1   Thumb Code    18  stm32f4xx_it.o(i.EXTI2_IRQHandler)
    EXTI3_IRQHandler                         0x200009b9   Thumb Code    18  stm32f4xx_it.o(i.EXTI3_IRQHandler)
    EXTI9_5_IRQHandler                       0x200009d1   Thumb Code    20  stm32f4xx_it.o(i.EXTI9_5_IRQHandler)
    FMC_SDRAM_Init                           0x200009e9   Thumb Code   116  stm32f4xx_ll_fmc.o(i.FMC_SDRAM_Init)
    FMC_SDRAM_ProgramRefreshRate             0x20000a5d   Thumb Code    14  stm32f4xx_ll_fmc.o(i.FMC_SDRAM_ProgramRefreshRate)
    FMC_SDRAM_SendCommand                    0x20000a6b   Thumb Code    82  stm32f4xx_ll_fmc.o(i.FMC_SDRAM_SendCommand)
    FMC_SDRAM_Timing_Init                    0x20000abd   Thumb Code   152  stm32f4xx_ll_fmc.o(i.FMC_SDRAM_Timing_Init)
    HAL_CRC_Init                             0x20000b59   Thumb Code    36  stm32f4xx_hal_crc.o(i.HAL_CRC_Init)
    HAL_CRC_MspInit                          0x20000b7d   Thumb Code    44  stm32f4xx_hal_msp.o(i.HAL_CRC_MspInit)
    HAL_DMA2D_CLUTLoadingCpltCallback        0x20000bb1   Thumb Code     2  stm32f4xx_hal_dma2d.o(i.HAL_DMA2D_CLUTLoadingCpltCallback)
    HAL_DMA2D_ConfigLayer                    0x20000bb5   Thumb Code   250  stm32f4xx_hal_dma2d.o(i.HAL_DMA2D_ConfigLayer)
    HAL_DMA2D_IRQHandler                     0x20000cb5   Thumb Code   358  stm32f4xx_hal_dma2d.o(i.HAL_DMA2D_IRQHandler)
    HAL_DMA2D_Init                           0x20000e1b   Thumb Code    96  stm32f4xx_hal_dma2d.o(i.HAL_DMA2D_Init)
    HAL_DMA2D_LineEventCallback              0x20000e7b   Thumb Code     2  stm32f4xx_hal_dma2d.o(i.HAL_DMA2D_LineEventCallback)
    HAL_DMA2D_MspInit                        0x20000e7d   Thumb Code    62  stm32f4xx_hal_msp.o(i.HAL_DMA2D_MspInit)
    HAL_DMA2D_Start_IT                       0x20000ec5   Thumb Code    90  stm32f4xx_hal_dma2d.o(i.HAL_DMA2D_Start_IT)
    HAL_DMA_Abort                            0x20000f1f   Thumb Code   170  stm32f4xx_hal_dma.o(i.HAL_DMA_Abort)
    HAL_DMA_Abort_IT                         0x20000fc9   Thumb Code    40  stm32f4xx_hal_dma.o(i.HAL_DMA_Abort_IT)
    HAL_DMA_IRQHandler                       0x20000ff1   Thumb Code   574  stm32f4xx_hal_dma.o(i.HAL_DMA_IRQHandler)
    HAL_DMA_Init                             0x20001239   Thumb Code   232  stm32f4xx_hal_dma.o(i.HAL_DMA_Init)
    HAL_DMA_Start                            0x20001325   Thumb Code   102  stm32f4xx_hal_dma.o(i.HAL_DMA_Start)
    HAL_Delay                                0x2000138b   Thumb Code    30  stm32f4xx_hal.o(i.HAL_Delay)
    HAL_GPIO_EXTI_Callback                   0x20001491   Thumb Code     2  stm32f4xx_hal_gpio.o(i.HAL_GPIO_EXTI_Callback)
    HAL_GPIO_EXTI_IRQHandler                 0x20001495   Thumb Code    24  stm32f4xx_hal_gpio.o(i.HAL_GPIO_EXTI_IRQHandler)
    HAL_GPIO_Init                            0x200014b1   Thumb Code   486  stm32f4xx_hal_gpio.o(i.HAL_GPIO_Init)
    HAL_GPIO_WritePin                        0x200016cd   Thumb Code    12  stm32f4xx_hal_gpio.o(i.HAL_GPIO_WritePin)
    HAL_GetTick                              0x200016d9   Thumb Code     6  stm32f4xx_hal.o(i.HAL_GetTick)
    HAL_IncTick                              0x200016e5   Thumb Code    12  stm32f4xx_hal.o(i.HAL_IncTick)
    HAL_Init                                 0x200016f5   Thumb Code    54  stm32f4xx_hal.o(i.HAL_Init)
    HAL_InitTick                             0x20001731   Thumb Code   122  stm32f4xx_hal_timebase_tim.o(i.HAL_InitTick)
    HAL_LTDC_ConfigLayer                     0x200017bd   Thumb Code    94  stm32f4xx_hal_ltdc.o(i.HAL_LTDC_ConfigLayer)
    HAL_LTDC_ErrorCallback                   0x2000181b   Thumb Code     2  stm32f4xx_hal_ltdc.o(i.HAL_LTDC_ErrorCallback)
    HAL_LTDC_IRQHandler                      0x2000181d   Thumb Code   244  stm32f4xx_hal_ltdc.o(i.HAL_LTDC_IRQHandler)
    HAL_LTDC_Init                            0x20001911   Thumb Code   278  stm32f4xx_hal_ltdc.o(i.HAL_LTDC_Init)
    HAL_LTDC_LineEventCallback               0x20001a2d   Thumb Code     2  stm32f4xx_hal_ltdc.o(i.HAL_LTDC_LineEventCallback)
    HAL_LTDC_MspInit                         0x20001a31   Thumb Code   276  stm32f4xx_hal_msp.o(i.HAL_LTDC_MspInit)
    HAL_LTDC_Reload                          0x20001b69   Thumb Code    66  stm32f4xx_hal_ltdc.o(i.HAL_LTDC_Reload)
    HAL_LTDC_ReloadEventCallback             0x20001bab   Thumb Code     2  stm32f4xx_hal_ltdc.o(i.HAL_LTDC_ReloadEventCallback)
    HAL_LTDC_SetAddress_NoReload             0x20001bad   Thumb Code    88  stm32f4xx_hal_ltdc.o(i.HAL_LTDC_SetAddress_NoReload)
    HAL_MspInit                              0x20001c05   Thumb Code    86  stm32f4xx_hal_msp.o(i.HAL_MspInit)
    HAL_NVIC_EnableIRQ                       0x20001c5b   Thumb Code    26  stm32f4xx_hal_cortex.o(i.HAL_NVIC_EnableIRQ)
    HAL_NVIC_SetPriority                     0x20001c75   Thumb Code   124  stm32f4xx_hal_cortex.o(i.HAL_NVIC_SetPriority)
    HAL_NVIC_SetPriorityGrouping             0x20001cf1   Thumb Code    32  stm32f4xx_hal_cortex.o(i.HAL_NVIC_SetPriorityGrouping)
    HAL_PWREx_EnableOverDrive                0x20001d19   Thumb Code   152  stm32f4xx_hal_pwr_ex.o(i.HAL_PWREx_EnableOverDrive)
    HAL_RCCEx_PeriphCLKConfig                0x20001dbd   Thumb Code   856  stm32f4xx_hal_rcc_ex.o(i.HAL_RCCEx_PeriphCLKConfig)
    HAL_RCC_ClockConfig                      0x2000212d   Thumb Code   446  stm32f4xx_hal_rcc.o(i.HAL_RCC_ClockConfig)
    HAL_RCC_GetClockConfig                   0x200022fd   Thumb Code    58  stm32f4xx_hal_rcc.o(i.HAL_RCC_GetClockConfig)
    HAL_RCC_GetHCLKFreq                      0x20002341   Thumb Code     6  stm32f4xx_hal_rcc.o(i.HAL_RCC_GetHCLKFreq)
    HAL_RCC_GetPCLK1Freq                     0x2000234d   Thumb Code    36  stm32f4xx_hal_rcc.o(i.HAL_RCC_GetPCLK1Freq)
    HAL_RCC_GetPCLK2Freq                     0x20002379   Thumb Code    36  stm32f4xx_hal_rcc.o(i.HAL_RCC_GetPCLK2Freq)
    HAL_RCC_GetSysClockFreq                  0x200023a5   Thumb Code   168  stm32f4xx_hal_rcc.o(i.HAL_RCC_GetSysClockFreq)
    HAL_RCC_OscConfig                        0x20002459   Thumb Code  1090  stm32f4xx_hal_rcc.o(i.HAL_RCC_OscConfig)
    HAL_RTCEx_BKUPRead                       0x200028a5   Thumb Code    18  stm32f4xx_hal_rtc_ex.o(i.HAL_RTCEx_BKUPRead)
    HAL_RTCEx_BKUPWrite                      0x200028b7   Thumb Code    18  stm32f4xx_hal_rtc_ex.o(i.HAL_RTCEx_BKUPWrite)
    HAL_RTCEx_EnableBypassShadow             0x200028c9   Thumb Code    78  stm32f4xx_hal_rtc_ex.o(i.HAL_RTCEx_EnableBypassShadow)
    HAL_RTCEx_SetWakeUpTimer_IT              0x20002919   Thumb Code   316  stm32f4xx_hal_rtc_ex.o(i.HAL_RTCEx_SetWakeUpTimer_IT)
    HAL_RTCEx_WakeUpTimerEventCallback       0x20002a5d   Thumb Code     2  stm32f4xx_hal_rtc_ex.o(i.HAL_RTCEx_WakeUpTimerEventCallback)
    HAL_RTCEx_WakeUpTimerIRQHandler          0x20002a61   Thumb Code    60  stm32f4xx_hal_rtc_ex.o(i.HAL_RTCEx_WakeUpTimerIRQHandler)
    HAL_RTC_GetDate                          0x20002aa1   Thumb Code    72  stm32f4xx_hal_rtc.o(i.HAL_RTC_GetDate)
    HAL_RTC_GetTime                          0x20002aed   Thumb Code    92  stm32f4xx_hal_rtc.o(i.HAL_RTC_GetTime)
    HAL_RTC_Init                             0x20002b4d   Thumb Code   176  stm32f4xx_hal_rtc.o(i.HAL_RTC_Init)
    HAL_RTC_MspInit                          0x20002c01   Thumb Code    36  stm32f4xx_hal_msp.o(i.HAL_RTC_MspInit)
    HAL_RTC_SetDate                          0x20002c2d   Thumb Code   270  stm32f4xx_hal_rtc.o(i.HAL_RTC_SetDate)
    HAL_RTC_SetTime                          0x20002d41   Thumb Code   304  stm32f4xx_hal_rtc.o(i.HAL_RTC_SetTime)
    HAL_RTC_WaitForSynchro                   0x20002e75   Thumb Code    58  stm32f4xx_hal_rtc.o(i.HAL_RTC_WaitForSynchro)
    HAL_SDRAM_Init                           0x20002eaf   Thumb Code    64  stm32f4xx_hal_sdram.o(i.HAL_SDRAM_Init)
    HAL_SDRAM_MspInit                        0x20002eef   Thumb Code    10  stm32f4xx_hal_msp.o(i.HAL_SDRAM_MspInit)
    HAL_SDRAM_ProgramRefreshRate             0x20002ef9   Thumb Code    40  stm32f4xx_hal_sdram.o(i.HAL_SDRAM_ProgramRefreshRate)
    HAL_SDRAM_SendCommand                    0x20002f21   Thumb Code    58  stm32f4xx_hal_sdram.o(i.HAL_SDRAM_SendCommand)
    HAL_SYSTICK_CLKSourceConfig              0x20002f5b   Thumb Code    40  stm32f4xx_hal_cortex.o(i.HAL_SYSTICK_CLKSourceConfig)
    HAL_SYSTICK_Config                       0x20002f83   Thumb Code    52  stm32f4xx_hal_cortex.o(i.HAL_SYSTICK_Config)
    HAL_TIMEx_BreakCallback                  0x20002fb7   Thumb Code     2  stm32f4xx_hal_tim_ex.o(i.HAL_TIMEx_BreakCallback)
    HAL_TIMEx_CommutationCallback            0x20002fb9   Thumb Code     2  stm32f4xx_hal_tim_ex.o(i.HAL_TIMEx_CommutationCallback)
    HAL_TIMEx_MasterConfigSynchronization    0x20002fbb   Thumb Code    98  stm32f4xx_hal_tim_ex.o(i.HAL_TIMEx_MasterConfigSynchronization)
    HAL_TIM_Base_Init                        0x2000301d   Thumb Code    52  stm32f4xx_hal_tim.o(i.HAL_TIM_Base_Init)
    HAL_TIM_Base_MspInit                     0x20003051   Thumb Code   162  stm32f4xx_hal_msp.o(i.HAL_TIM_Base_MspInit)
    HAL_TIM_Base_Start_IT                    0x20003105   Thumb Code    30  stm32f4xx_hal_tim.o(i.HAL_TIM_Base_Start_IT)
    HAL_TIM_IC_CaptureCallback               0x20003123   Thumb Code     2  stm32f4xx_hal_tim.o(i.HAL_TIM_IC_CaptureCallback)
    HAL_TIM_IRQHandler                       0x20003125   Thumb Code   406  stm32f4xx_hal_tim.o(i.HAL_TIM_IRQHandler)
    HAL_TIM_MspPostInit                      0x200032bd   Thumb Code    44  stm32f4xx_hal_msp.o(i.HAL_TIM_MspPostInit)
    HAL_TIM_OC_DelayElapsedCallback          0x200032f1   Thumb Code     2  stm32f4xx_hal_tim.o(i.HAL_TIM_OC_DelayElapsedCallback)
    HAL_TIM_PWM_ConfigChannel                0x200032f3   Thumb Code   264  stm32f4xx_hal_tim.o(i.HAL_TIM_PWM_ConfigChannel)
    HAL_TIM_PWM_Init                         0x200033fb   Thumb Code    52  stm32f4xx_hal_tim.o(i.HAL_TIM_PWM_Init)
    HAL_TIM_PWM_MspInit                      0x2000342f   Thumb Code     2  stm32f4xx_hal_tim.o(i.HAL_TIM_PWM_MspInit)
    HAL_TIM_PWM_PulseFinishedCallback        0x20003431   Thumb Code     2  stm32f4xx_hal_tim.o(i.HAL_TIM_PWM_PulseFinishedCallback)
    HAL_TIM_PWM_Start                        0x20003435   Thumb Code    68  stm32f4xx_hal_tim.o(i.HAL_TIM_PWM_Start)
    HAL_TIM_PeriodElapsedCallback            0x20003481   Thumb Code    18  main.o(i.HAL_TIM_PeriodElapsedCallback)
    HAL_TIM_TriggerCallback                  0x20003499   Thumb Code     2  stm32f4xx_hal_tim.o(i.HAL_TIM_TriggerCallback)
    HAL_UART_ErrorCallback                   0x2000349b   Thumb Code     2  stm32f4xx_hal_uart.o(i.HAL_UART_ErrorCallback)
    HAL_UART_IRQHandler                      0x2000349d   Thumb Code   326  stm32f4xx_hal_uart.o(i.HAL_UART_IRQHandler)
    HAL_UART_Init                            0x200035e9   Thumb Code   114  stm32f4xx_hal_uart.o(i.HAL_UART_Init)
    HAL_UART_MspInit                         0x2000365d   Thumb Code   282  stm32f4xx_hal_msp.o(i.HAL_UART_MspInit)
    HAL_UART_RxCpltCallback                  0x200037b1   Thumb Code     2  stm32f4xx_hal_uart.o(i.HAL_UART_RxCpltCallback)
    HAL_UART_TxCpltCallback                  0x200037b3   Thumb Code     2  stm32f4xx_hal_uart.o(i.HAL_UART_TxCpltCallback)
    LCD_ClearRec                             0x200037b5   Thumb Code   142  lcddriver.o(i.LCD_ClearRec)
    LCD_PutChar                              0x20003855   Thumb Code   216  lcddriver.o(i.LCD_PutChar)
    LCD_PutString                            0x20003949   Thumb Code   278  lcddriver.o(i.LCD_PutString)
    LTDC_IRQHandler                          0x20003a7d   Thumb Code    10  stm32f4xx_it.o(i.LTDC_IRQHandler)
    PS2_KBD_CheckScancode                    0x200043c5   Thumb Code   130  ps2_keyboard.o(i.PS2_KBD_CheckScancode)
    PS2_KBD_ISR                              0x2000445d   Thumb Code   212  ps2_keyboard.o(i.PS2_KBD_ISR)
    PS2_KBD_LowLevelDeInit                   0x20004545   Thumb Code   262  ps2_keyboard.o(i.PS2_KBD_LowLevelDeInit)
    PS2_KBD_LowLevelInit                     0x20004661   Thumb Code   374  ps2_keyboard.o(i.PS2_KBD_LowLevelInit)
    PS2_KBD_Timeout_RX                       0x200047ed   Thumb Code    38  ps2_keyboard.o(i.PS2_KBD_Timeout_RX)
    PS2_KBD_Timeout_TX                       0x20004819   Thumb Code    32  ps2_keyboard.o(i.PS2_KBD_Timeout_TX)
    PS2_KBD_Tx                               0x2000483d   Thumb Code   206  ps2_keyboard.o(i.PS2_KBD_Tx)
    RTC_Bcd2ToByte                           0x20004921   Thumb Code    22  stm32f4xx_hal_rtc.o(i.RTC_Bcd2ToByte)
    RTC_ByteToBcd2                           0x20004937   Thumb Code    26  stm32f4xx_hal_rtc.o(i.RTC_ByteToBcd2)
    RTC_EnterInitMode                        0x20004951   Thumb Code    62  stm32f4xx_hal_rtc.o(i.RTC_EnterInitMode)
    RTC_WKUP_IRQHandler                      0x20004991   Thumb Code    18  stm32f4xx_it.o(i.RTC_WKUP_IRQHandler)
    SDRAM_Initialization_sequence            0x200049ad   Thumb Code   188  main.o(i.SDRAM_Initialization_sequence)
    StartDefaultTask                         0x20004a71   Thumb Code   448  main.o(i.StartDefaultTask)
    SysTick_Handler                          0x20004c75   Thumb Code     8  stm32f4xx_it.o(i.SysTick_Handler)
    SystemClock_Config                       0x20004c7d   Thumb Code   266  main.o(i.SystemClock_Config)
    SystemInit                               0x20004da1   Thumb Code    82  system_stm32f4xx.o(i.SystemInit)
    TIM3_IRQHandler                          0x20004e05   Thumb Code   104  stm32f4xx_it.o(i.TIM3_IRQHandler)
    TIM6_DAC_IRQHandler                      0x20004e7d   Thumb Code    18  stm32f4xx_it.o(i.TIM6_DAC_IRQHandler)
    TIM7_IRQHandler                          0x20004e99   Thumb Code    18  stm32f4xx_it.o(i.TIM7_IRQHandler)
    TIM8_TRG_COM_TIM14_IRQHandler            0x20004eb5   Thumb Code    10  stm32f4xx_it.o(i.TIM8_TRG_COM_TIM14_IRQHandler)
    TIM_Base_SetConfig                       0x20004ec5   Thumb Code   184  stm32f4xx_hal_tim.o(i.TIM_Base_SetConfig)
    TIM_CCxChannelCmd                        0x20004fa9   Thumb Code    28  stm32f4xx_hal_tim.o(i.TIM_CCxChannelCmd)
    TIM_OC2_SetConfig                        0x20005035   Thumb Code   112  stm32f4xx_hal_tim.o(i.TIM_OC2_SetConfig)
    UART_Terminal_DMATran                    0x200055dd   Thumb Code    66  can.o(i.UART_Terminal_DMATran)
    USART1_IRQHandler                        0x20005691   Thumb Code    68  stm32f4xx_it.o(i.USART1_IRQHandler)
    _Error_Handler                           0x200056f1   Thumb Code     4  main.o(i._Error_Handler)
    bxCAN_Init                               0x200056f5   Thumb Code   600  can.o(i.bxCAN_Init)
    crc32_check                              0x20005989   Thumb Code    42  can.o(i.crc32_check)
    main                                     0x200059c9   Thumb Code   922  main.o(i.main)
    osDelay                                  0x20005e03   Thumb Code    24  cmsis_os.o(i.osDelay)
    osKernelStart                            0x20005e1b   Thumb Code    10  cmsis_os.o(i.osKernelStart)
    osKernelSysTick                          0x20005e25   Thumb Code    20  cmsis_os.o(i.osKernelSysTick)
    osMessageCreate                          0x20005e39   Thumb Code    18  cmsis_os.o(i.osMessageCreate)
    osMessageGet                             0x20005e4d   Thumb Code   152  cmsis_os.o(i.osMessageGet)
    osMessagePut                             0x20005ee9   Thumb Code    92  cmsis_os.o(i.osMessagePut)
    osMutexCreate                            0x20005f49   Thumb Code    12  cmsis_os.o(i.osMutexCreate)
    osMutexRelease                           0x20005f55   Thumb Code    76  cmsis_os.o(i.osMutexRelease)
    osMutexWait                              0x20005fa5   Thumb Code   104  cmsis_os.o(i.osMutexWait)
    osSemaphoreCreate                        0x20006011   Thumb Code    50  cmsis_os.o(i.osSemaphoreCreate)
    osSemaphoreRelease                       0x20006045   Thumb Code    76  cmsis_os.o(i.osSemaphoreRelease)
    osSemaphoreWait                          0x20006095   Thumb Code   104  cmsis_os.o(i.osSemaphoreWait)
    osSystickHandler                         0x20006101   Thumb Code    16  cmsis_os.o(i.osSystickHandler)
    osThreadCreate                           0x20006111   Thumb Code    48  cmsis_os.o(i.osThreadCreate)
    osThreadResume                           0x20006141   Thumb Code    46  cmsis_os.o(i.osThreadResume)
    osThreadSuspend                          0x20006175   Thumb Code    14  cmsis_os.o(i.osThreadSuspend)
    osThreadTerminate                        0x20006183   Thumb Code    14  cmsis_os.o(i.osThreadTerminate)
    pvPortMalloc                             0x200067e1   Thumb Code   296  heap_4.o(i.pvPortMalloc)
    pvTaskIncrementMutexHeldCount            0x2000691d   Thumb Code    26  tasks.o(i.pvTaskIncrementMutexHeldCount)
    pxPortInitialiseStack                    0x2000693d   Thumb Code    38  port.o(i.pxPortInitialiseStack)
    uxListRemove                             0x20006969   Thumb Code    40  list.o(i.uxListRemove)
    vApplicationIdleHook                     0x20006991   Thumb Code   106  mytasks.o(i.vApplicationIdleHook)
    vCommandMsgDecode                        0x20006a15   Thumb Code  2786  mytasks.o(i.vCommandMsgDecode)
    vLCDBlinkCursor                          0x2000752d   Thumb Code    96  mytasks.o(i.vLCDBlinkCursor)
    vLCDPrintCurrent                         0x20007599   Thumb Code   196  mytasks.o(i.vLCDPrintCurrent)
    vLED1Blink                               0x20007671   Thumb Code   114  mytasks.o(i.vLED1Blink)
    vLED2Blink                               0x200076f9   Thumb Code   114  mytasks.o(i.vLED2Blink)
    vLED3Blink                               0x20007781   Thumb Code   116  mytasks.o(i.vLED3Blink)
    vLED4Blink                               0x20007809   Thumb Code   116  mytasks.o(i.vLED4Blink)
    vListInitialise                          0x20007891   Thumb Code    26  list.o(i.vListInitialise)
    vListInitialiseItem                      0x200078ab   Thumb Code     6  list.o(i.vListInitialiseItem)
    vListInsert                              0x200078b1   Thumb Code    52  list.o(i.vListInsert)
    vListInsertEnd                           0x200078e5   Thumb Code    24  list.o(i.vListInsertEnd)
    vPS2CharDecode                           0x200078fd   Thumb Code  1128  mytasks.o(i.vPS2CharDecode)
    vPortEnterCritical                       0x20007d69   Thumb Code    76  port.o(i.vPortEnterCritical)
    vPortExitCritical                        0x20007dbd   Thumb Code    56  port.o(i.vPortExitCritical)
    vPortFree                                0x20007df9   Thumb Code   140  heap_4.o(i.vPortFree)
    vPortSetupTimerInterrupt                 0x20007e8d   Thumb Code    26  port.o(i.vPortSetupTimerInterrupt)
    vPortValidateInterruptPriority           0x20007ead   Thumb Code   106  port.o(i.vPortValidateInterruptPriority)
    vPrintKernelLoad                         0x20007f25   Thumb Code   434  mytasks.o(i.vPrintKernelLoad)
    vPrintRTC                                0x200080f1   Thumb Code   456  mytasks.o(i.vPrintRTC)
    vTaskCANFIFO                             0x200082d9   Thumb Code  1226  can.o(i.vTaskCANFIFO)
    vTaskCANTX                               0x200087ad   Thumb Code   232  can.o(i.vTaskCANTX)
    vTaskDelay                               0x200088a5   Thumb Code    82  tasks.o(i.vTaskDelay)
    vTaskDelete                              0x20008901   Thumb Code   202  tasks.o(i.vTaskDelete)
    vTaskMissedYield                         0x200089f5   Thumb Code     8  tasks.o(i.vTaskMissedYield)
    vTaskPlaceOnEventList                    0x20008a01   Thumb Code    52  tasks.o(i.vTaskPlaceOnEventList)
    vTaskPriorityInherit                     0x20008a39   Thumb Code   164  tasks.o(i.vTaskPriorityInherit)
    vTaskResume                              0x20008ae9   Thumb Code   128  tasks.o(i.vTaskResume)
    vTaskSetTimeOutState                     0x20008b79   Thumb Code    38  tasks.o(i.vTaskSetTimeOutState)
    vTaskStartScheduler                      0x20008ba9   Thumb Code   108  tasks.o(i.vTaskStartScheduler)
    vTaskSuspend                             0x20008c31   Thumb Code   196  tasks.o(i.vTaskSuspend)
    vTaskSuspendAll                          0x20008d15   Thumb Code    12  tasks.o(i.vTaskSuspendAll)
    vTaskSwitchContext                       0x20008d25   Thumb Code   118  tasks.o(i.vTaskSwitchContext)
    vTaskUART_Download                       0x20008db1   Thumb Code   514  can.o(i.vTaskUART_Download)
    vTimer1000ms                             0x2000901d   Thumb Code   876  mytasks.o(i.vTimer1000ms)
    vTimer2000ms                             0x200093e1   Thumb Code   386  mytasks.o(i.vTimer2000ms)
    xPortGetFreeHeapSize                     0x20009591   Thumb Code     6  heap_4.o(i.xPortGetFreeHeapSize)
    xPortStartScheduler                      0x2000959d   Thumb Code   288  port.o(i.xPortStartScheduler)
    xPortSysTickHandler                      0x200096d9   Thumb Code    46  port.o(i.xPortSysTickHandler)
    xQueueCreateCountingSemaphore            0x2000970d   Thumb Code    92  queue.o(i.xQueueCreateCountingSemaphore)
    xQueueCreateMutex                        0x20009769   Thumb Code    34  queue.o(i.xQueueCreateMutex)
    xQueueGenericCreate                      0x2000978b   Thumb Code    88  queue.o(i.xQueueGenericCreate)
    xQueueGenericReceive                     0x200097e5   Thumb Code   446  queue.o(i.xQueueGenericReceive)
    xQueueGenericReset                       0x200099a9   Thumb Code   146  queue.o(i.xQueueGenericReset)
    xQueueGenericSend                        0x20009a41   Thumb Code   420  queue.o(i.xQueueGenericSend)
    xQueueGenericSendFromISR                 0x20009be9   Thumb Code   248  queue.o(i.xQueueGenericSendFromISR)
    xQueueGiveFromISR                        0x20009ce1   Thumb Code   224  queue.o(i.xQueueGiveFromISR)
    xQueueReceiveFromISR                     0x20009dc1   Thumb Code   202  queue.o(i.xQueueReceiveFromISR)
    xTaskCheckForTimeOut                     0x20009e8d   Thumb Code   132  tasks.o(i.xTaskCheckForTimeOut)
    xTaskCreate                              0x20009f19   Thumb Code    96  tasks.o(i.xTaskCreate)
    xTaskGetSchedulerState                   0x20009f79   Thumb Code    24  tasks.o(i.xTaskGetSchedulerState)
    xTaskGetTickCount                        0x20009f99   Thumb Code     6  tasks.o(i.xTaskGetTickCount)
    xTaskGetTickCountFromISR                 0x20009fa5   Thumb Code    16  tasks.o(i.xTaskGetTickCountFromISR)
    xTaskIncrementTick                       0x20009fb9   Thumb Code   282  tasks.o(i.xTaskIncrementTick)
    xTaskPriorityDisinherit                  0x2000a101   Thumb Code   188  tasks.o(i.xTaskPriorityDisinherit)
    xTaskRemoveFromEventList                 0x2000a1c9   Thumb Code   128  tasks.o(i.xTaskRemoveFromEventList)
    xTaskResumeAll                           0x2000a261   Thumb Code   224  tasks.o(i.xTaskResumeAll)
    xTaskResumeFromISR                       0x2000a365   Thumb Code   158  tasks.o(i.xTaskResumeFromISR)
    _fp_init                                 0x2000a419   Thumb Code    10  fpinit.o(x$fpl$fpinit)
    __fplib_config_fpu_vfp                   0x2000a421   Thumb Code     0  fpinit.o(x$fpl$fpinit)
    __fplib_config_pureend_doubles           0x2000a421   Thumb Code     0  fpinit.o(x$fpl$fpinit)
    AHBPrescTable                            0x2000a422   Data          16  system_stm32f4xx.o(.constdata)
    APBPrescTable                            0x2000a432   Data           8  system_stm32f4xx.o(.constdata)
    PS2Buff                                  0x2000a528   Data         305  mytasks.o(.constdata)
    _aMirror                                 0x2000a659   Data         256  lcddriver.o(.constdata)
    acGUI_FontArialNarrow22_001e             0x2000a75c   Data          88  arial narrow22.o(.constdata)
    acGUI_FontArialNarrow22_001f             0x2000a7b4   Data          88  arial narrow22.o(.constdata)
    acGUI_FontArialNarrow22_0020             0x2000a80c   Data          44  arial narrow22.o(.constdata)
    acGUI_FontArialNarrow22_0021             0x2000a838   Data          44  arial narrow22.o(.constdata)
    acGUI_FontArialNarrow22_0022             0x2000a864   Data          66  arial narrow22.o(.constdata)
    acGUI_FontArialNarrow22_0023             0x2000a8a6   Data          88  arial narrow22.o(.constdata)
    acGUI_FontArialNarrow22_0024             0x2000a8fe   Data          88  arial narrow22.o(.constdata)
    acGUI_FontArialNarrow22_0025             0x2000a956   Data         132  arial narrow22.o(.constdata)
    acGUI_FontArialNarrow22_0026             0x2000a9da   Data         110  arial narrow22.o(.constdata)
    acGUI_FontArialNarrow22_0027             0x2000aa48   Data          44  arial narrow22.o(.constdata)
    acGUI_FontArialNarrow22_0028             0x2000aa74   Data          66  arial narrow22.o(.constdata)
    acGUI_FontArialNarrow22_0029             0x2000aab6   Data          66  arial narrow22.o(.constdata)
    acGUI_FontArialNarrow22_002A             0x2000aaf8   Data          66  arial narrow22.o(.constdata)
    acGUI_FontArialNarrow22_002B             0x2000ab3a   Data          88  arial narrow22.o(.constdata)
    acGUI_FontArialNarrow22_002C             0x2000ab92   Data          44  arial narrow22.o(.constdata)
    acGUI_FontArialNarrow22_002D             0x2000abbe   Data          66  arial narrow22.o(.constdata)
    acGUI_FontArialNarrow22_002E             0x2000ac00   Data          44  arial narrow22.o(.constdata)
    acGUI_FontArialNarrow22_002F             0x2000ac2c   Data          44  arial narrow22.o(.constdata)
    acGUI_FontArialNarrow22_0030             0x2000ac58   Data          88  arial narrow22.o(.constdata)
    acGUI_FontArialNarrow22_0031             0x2000acb0   Data          88  arial narrow22.o(.constdata)
    acGUI_FontArialNarrow22_0032             0x2000ad08   Data          88  arial narrow22.o(.constdata)
    acGUI_FontArialNarrow22_0033             0x2000ad60   Data          88  arial narrow22.o(.constdata)
    acGUI_FontArialNarrow22_0034             0x2000adb8   Data          88  arial narrow22.o(.constdata)
    acGUI_FontArialNarrow22_0035             0x2000ae10   Data          88  arial narrow22.o(.constdata)
    acGUI_FontArialNarrow22_0036             0x2000ae68   Data          88  arial narrow22.o(.constdata)
    acGUI_FontArialNarrow22_0037             0x2000aec0   Data          88  arial narrow22.o(.constdata)
    acGUI_FontArialNarrow22_0038             0x2000af18   Data          88  arial narrow22.o(.constdata)
    acGUI_FontArialNarrow22_0039             0x2000af70   Data          88  arial narrow22.o(.constdata)
    acGUI_FontArialNarrow22_003A             0x2000afc8   Data          44  arial narrow22.o(.constdata)
    acGUI_FontArialNarrow22_003B             0x2000aff4   Data          44  arial narrow22.o(.constdata)
    acGUI_FontArialNarrow22_003C             0x2000b020   Data          88  arial narrow22.o(.constdata)
    acGUI_FontArialNarrow22_003D             0x2000b078   Data          88  arial narrow22.o(.constdata)
    acGUI_FontArialNarrow22_003E             0x2000b0d0   Data          88  arial narrow22.o(.constdata)
    acGUI_FontArialNarrow22_003F             0x2000b128   Data          88  arial narrow22.o(.constdata)
    acGUI_FontArialNarrow22_0040             0x2000b180   Data         154  arial narrow22.o(.constdata)
    acGUI_FontArialNarrow22_0041             0x2000b21a   Data         110  arial narrow22.o(.constdata)
    acGUI_FontArialNarrow22_0042             0x2000b288   Data         110  arial narrow22.o(.constdata)
    acGUI_FontArialNarrow22_0043             0x2000b2f6   Data         110  arial narrow22.o(.constdata)
    acGUI_FontArialNarrow22_0044             0x2000b364   Data         110  arial narrow22.o(.constdata)
    acGUI_FontArialNarrow22_0045             0x2000b3d2   Data         110  arial narrow22.o(.constdata)
    acGUI_FontArialNarrow22_0046             0x2000b440   Data         110  arial narrow22.o(.constdata)
    acGUI_FontArialNarrow22_0047             0x2000b4ae   Data         132  arial narrow22.o(.constdata)
    acGUI_FontArialNarrow22_0048             0x2000b532   Data         110  arial narrow22.o(.constdata)
    acGUI_FontArialNarrow22_0049             0x2000b5a0   Data          44  arial narrow22.o(.constdata)
    acGUI_FontArialNarrow22_004A             0x2000b5cc   Data          88  arial narrow22.o(.constdata)
    acGUI_FontArialNarrow22_004B             0x2000b624   Data         110  arial narrow22.o(.constdata)
    acGUI_FontArialNarrow22_004C             0x2000b692   Data          88  arial narrow22.o(.constdata)
    acGUI_FontArialNarrow22_004D             0x2000b6ea   Data         154  arial narrow22.o(.constdata)
    acGUI_FontArialNarrow22_004E             0x2000b784   Data         110  arial narrow22.o(.constdata)
    acGUI_FontArialNarrow22_004F             0x2000b7f2   Data         132  arial narrow22.o(.constdata)
    acGUI_FontArialNarrow22_0050             0x2000b876   Data         110  arial narrow22.o(.constdata)
    acGUI_FontArialNarrow22_0051             0x2000b8e4   Data         132  arial narrow22.o(.constdata)
    acGUI_FontArialNarrow22_0052             0x2000b968   Data         110  arial narrow22.o(.constdata)
    acGUI_FontArialNarrow22_0053             0x2000b9d6   Data         110  arial narrow22.o(.constdata)
    acGUI_FontArialNarrow22_0054             0x2000ba44   Data         110  arial narrow22.o(.constdata)
    acGUI_FontArialNarrow22_0055             0x2000bab2   Data         110  arial narrow22.o(.constdata)
    acGUI_FontArialNarrow22_0056             0x2000bb20   Data         110  arial narrow22.o(.constdata)
    acGUI_FontArialNarrow22_0057             0x2000bb8e   Data         154  arial narrow22.o(.constdata)
    acGUI_FontArialNarrow22_0058             0x2000bc28   Data         110  arial narrow22.o(.constdata)
    acGUI_FontArialNarrow22_0059             0x2000bc96   Data         110  arial narrow22.o(.constdata)
    acGUI_FontArialNarrow22_005A             0x2000bd04   Data         110  arial narrow22.o(.constdata)
    acGUI_FontArialNarrow22_005B             0x2000bd72   Data          44  arial narrow22.o(.constdata)
    acGUI_FontArialNarrow22_005C             0x2000bd9e   Data          44  arial narrow22.o(.constdata)
    acGUI_FontArialNarrow22_005D             0x2000bdca   Data          44  arial narrow22.o(.constdata)
    acGUI_FontArialNarrow22_005E             0x2000bdf6   Data          88  arial narrow22.o(.constdata)
    acGUI_FontArialNarrow22_005F             0x2000be4e   Data          88  arial narrow22.o(.constdata)
    acGUI_FontArialNarrow22_0060             0x2000bea6   Data          66  arial narrow22.o(.constdata)
    acGUI_FontArialNarrow22_0061             0x2000bee8   Data          88  arial narrow22.o(.constdata)
    acGUI_FontArialNarrow22_0062             0x2000bf40   Data          88  arial narrow22.o(.constdata)
    acGUI_FontArialNarrow22_0063             0x2000bf98   Data          88  arial narrow22.o(.constdata)
    acGUI_FontArialNarrow22_0064             0x2000bff0   Data          88  arial narrow22.o(.constdata)
    acGUI_FontArialNarrow22_0065             0x2000c048   Data          88  arial narrow22.o(.constdata)
    acGUI_FontArialNarrow22_0066             0x2000c0a0   Data          44  arial narrow22.o(.constdata)
    acGUI_FontArialNarrow22_0067             0x2000c0cc   Data          88  arial narrow22.o(.constdata)
    acGUI_FontArialNarrow22_0068             0x2000c124   Data          88  arial narrow22.o(.constdata)
    acGUI_FontArialNarrow22_0069             0x2000c17c   Data          44  arial narrow22.o(.constdata)
    acGUI_FontArialNarrow22_006A             0x2000c1a8   Data          44  arial narrow22.o(.constdata)
    acGUI_FontArialNarrow22_006B             0x2000c1d4   Data          88  arial narrow22.o(.constdata)
    acGUI_FontArialNarrow22_006C             0x2000c22c   Data          44  arial narrow22.o(.constdata)
    acGUI_FontArialNarrow22_006D             0x2000c258   Data         154  arial narrow22.o(.constdata)
    acGUI_FontArialNarrow22_006E             0x2000c2f2   Data          88  arial narrow22.o(.constdata)
    acGUI_FontArialNarrow22_006F             0x2000c34a   Data          88  arial narrow22.o(.constdata)
    acGUI_FontArialNarrow22_0070             0x2000c3a2   Data          88  arial narrow22.o(.constdata)
    acGUI_FontArialNarrow22_0071             0x2000c3fa   Data          88  arial narrow22.o(.constdata)
    acGUI_FontArialNarrow22_0072             0x2000c452   Data          66  arial narrow22.o(.constdata)
    acGUI_FontArialNarrow22_0073             0x2000c494   Data          88  arial narrow22.o(.constdata)
    acGUI_FontArialNarrow22_0074             0x2000c4ec   Data          44  arial narrow22.o(.constdata)
    acGUI_FontArialNarrow22_0075             0x2000c518   Data          88  arial narrow22.o(.constdata)
    acGUI_FontArialNarrow22_0076             0x2000c570   Data          88  arial narrow22.o(.constdata)
    acGUI_FontArialNarrow22_0077             0x2000c5c8   Data         110  arial narrow22.o(.constdata)
    acGUI_FontArialNarrow22_0078             0x2000c636   Data          88  arial narrow22.o(.constdata)
    acGUI_FontArialNarrow22_0079             0x2000c68e   Data          88  arial narrow22.o(.constdata)
    acGUI_FontArialNarrow22_007A             0x2000c6e6   Data          88  arial narrow22.o(.constdata)
    acGUI_FontArialNarrow22_007B             0x2000c73e   Data          66  arial narrow22.o(.constdata)
    acGUI_FontArialNarrow22_007C             0x2000c780   Data          44  arial narrow22.o(.constdata)
    acGUI_FontArialNarrow22_007D             0x2000c7ac   Data          66  arial narrow22.o(.constdata)
    acGUI_FontArialNarrow22_007E             0x2000c7ee   Data          88  arial narrow22.o(.constdata)
    acGUI_FontArialNarrow22_007F             0x2000c846   Data          44  arial narrow22.o(.constdata)
    acGUI_FontArialNarrow22_00A0             0x2000c872   Data          44  arial narrow22.o(.constdata)
    acGUI_FontArialNarrow22_00A1             0x2000c89e   Data         110  arial narrow22.o(.constdata)
    acGUI_FontArialNarrow22_00A2             0x2000c90c   Data          88  arial narrow22.o(.constdata)
    acGUI_FontArialNarrow22_00A3             0x2000c964   Data          88  arial narrow22.o(.constdata)
    acGUI_FontArialNarrow22_00A4             0x2000c9bc   Data          88  arial narrow22.o(.constdata)
    acGUI_FontArialNarrow22_00A5             0x2000ca14   Data          88  arial narrow22.o(.constdata)
    acGUI_FontArialNarrow22_00A6             0x2000ca6c   Data          44  arial narrow22.o(.constdata)
    acGUI_FontArialNarrow22_00A7             0x2000ca98   Data          88  arial narrow22.o(.constdata)
    acGUI_FontArialNarrow22_00A8             0x2000caf0   Data         110  arial narrow22.o(.constdata)
    acGUI_FontArialNarrow22_00A9             0x2000cb5e   Data         110  arial narrow22.o(.constdata)
    acGUI_FontArialNarrow22_00AA             0x2000cbcc   Data         110  arial narrow22.o(.constdata)
    acGUI_FontArialNarrow22_00AB             0x2000cc3a   Data          88  arial narrow22.o(.constdata)
    acGUI_FontArialNarrow22_00AC             0x2000cc92   Data          88  arial narrow22.o(.constdata)
    acGUI_FontArialNarrow22_00AD             0x2000ccea   Data          66  arial narrow22.o(.constdata)
    acGUI_FontArialNarrow22_00AE             0x2000cd2c   Data         110  arial narrow22.o(.constdata)
    acGUI_FontArialNarrow22_00AF             0x2000cd9a   Data          44  arial narrow22.o(.constdata)
    acGUI_FontArialNarrow22_00B0             0x2000cdc6   Data          88  arial narrow22.o(.constdata)
    acGUI_FontArialNarrow22_00B1             0x2000ce1e   Data         110  arial narrow22.o(.constdata)
    acGUI_FontArialNarrow22_00B2             0x2000ce8c   Data          44  arial narrow22.o(.constdata)
    acGUI_FontArialNarrow22_00B3             0x2000ceb8   Data          44  arial narrow22.o(.constdata)
    acGUI_FontArialNarrow22_00B4             0x2000cee4   Data          66  arial narrow22.o(.constdata)
    acGUI_FontArialNarrow22_00B5             0x2000cf26   Data         110  arial narrow22.o(.constdata)
    acGUI_FontArialNarrow22_00B6             0x2000cf94   Data          88  arial narrow22.o(.constdata)
    acGUI_FontArialNarrow22_00B7             0x2000cfec   Data          66  arial narrow22.o(.constdata)
    acGUI_FontArialNarrow22_00B8             0x2000d02e   Data          88  arial narrow22.o(.constdata)
    acGUI_FontArialNarrow22_00B9             0x2000d086   Data         176  arial narrow22.o(.constdata)
    acGUI_FontArialNarrow22_00BA             0x2000d136   Data          88  arial narrow22.o(.constdata)
    acGUI_FontArialNarrow22_00BB             0x2000d18e   Data          88  arial narrow22.o(.constdata)
    acGUI_FontArialNarrow22_00BC             0x2000d1e6   Data          44  arial narrow22.o(.constdata)
    acGUI_FontArialNarrow22_00BD             0x2000d212   Data         110  arial narrow22.o(.constdata)
    acGUI_FontArialNarrow22_00BE             0x2000d280   Data          88  arial narrow22.o(.constdata)
    acGUI_FontArialNarrow22_00BF             0x2000d2d8   Data          44  arial narrow22.o(.constdata)
    acGUI_FontArialNarrow22_00C0             0x2000d304   Data         110  arial narrow22.o(.constdata)
    acGUI_FontArialNarrow22_00C1             0x2000d372   Data         110  arial narrow22.o(.constdata)
    acGUI_FontArialNarrow22_00C2             0x2000d3e0   Data         110  arial narrow22.o(.constdata)
    acGUI_FontArialNarrow22_00C3             0x2000d44e   Data          88  arial narrow22.o(.constdata)
    acGUI_FontArialNarrow22_00C4             0x2000d4a6   Data         110  arial narrow22.o(.constdata)
    acGUI_FontArialNarrow22_00C5             0x2000d514   Data         110  arial narrow22.o(.constdata)
    acGUI_FontArialNarrow22_00C6             0x2000d582   Data         154  arial narrow22.o(.constdata)
    acGUI_FontArialNarrow22_00C7             0x2000d61c   Data          88  arial narrow22.o(.constdata)
    acGUI_FontArialNarrow22_00C8             0x2000d674   Data         110  arial narrow22.o(.constdata)
    acGUI_FontArialNarrow22_00C9             0x2000d6e2   Data         110  arial narrow22.o(.constdata)
    acGUI_FontArialNarrow22_00CA             0x2000d750   Data          88  arial narrow22.o(.constdata)
    acGUI_FontArialNarrow22_00CB             0x2000d7a8   Data         110  arial narrow22.o(.constdata)
    acGUI_FontArialNarrow22_00CC             0x2000d816   Data         154  arial narrow22.o(.constdata)
    acGUI_FontArialNarrow22_00CD             0x2000d8b0   Data         110  arial narrow22.o(.constdata)
    acGUI_FontArialNarrow22_00CE             0x2000d91e   Data         132  arial narrow22.o(.constdata)
    acGUI_FontArialNarrow22_00CF             0x2000d9a2   Data         110  arial narrow22.o(.constdata)
    acGUI_FontArialNarrow22_00D0             0x2000da10   Data         110  arial narrow22.o(.constdata)
    acGUI_FontArialNarrow22_00D1             0x2000da7e   Data         110  arial narrow22.o(.constdata)
    acGUI_FontArialNarrow22_00D2             0x2000daec   Data         110  arial narrow22.o(.constdata)
    acGUI_FontArialNarrow22_00D3             0x2000db5a   Data         110  arial narrow22.o(.constdata)
    acGUI_FontArialNarrow22_00D4             0x2000dbc8   Data         132  arial narrow22.o(.constdata)
    acGUI_FontArialNarrow22_00D5             0x2000dc4c   Data         110  arial narrow22.o(.constdata)
    acGUI_FontArialNarrow22_00D6             0x2000dcba   Data         110  arial narrow22.o(.constdata)
    acGUI_FontArialNarrow22_00D7             0x2000dd28   Data         110  arial narrow22.o(.constdata)
    acGUI_FontArialNarrow22_00D8             0x2000dd96   Data         154  arial narrow22.o(.constdata)
    acGUI_FontArialNarrow22_00D9             0x2000de30   Data         154  arial narrow22.o(.constdata)
    acGUI_FontArialNarrow22_00DA             0x2000deca   Data         132  arial narrow22.o(.constdata)
    acGUI_FontArialNarrow22_00DB             0x2000df4e   Data         154  arial narrow22.o(.constdata)
    acGUI_FontArialNarrow22_00DC             0x2000dfe8   Data         110  arial narrow22.o(.constdata)
    acGUI_FontArialNarrow22_00DD             0x2000e056   Data         110  arial narrow22.o(.constdata)
    acGUI_FontArialNarrow22_00DE             0x2000e0c4   Data         154  arial narrow22.o(.constdata)
    acGUI_FontArialNarrow22_00DF             0x2000e15e   Data         110  arial narrow22.o(.constdata)
    acGUI_FontArialNarrow22_00E0             0x2000e1cc   Data          88  arial narrow22.o(.constdata)
    acGUI_FontArialNarrow22_00E1             0x2000e224   Data          88  arial narrow22.o(.constdata)
    acGUI_FontArialNarrow22_00E2             0x2000e27c   Data          88  arial narrow22.o(.constdata)
    acGUI_FontArialNarrow22_00E3             0x2000e2d4   Data          66  arial narrow22.o(.constdata)
    acGUI_FontArialNarrow22_00E4             0x2000e316   Data          88  arial narrow22.o(.constdata)
    acGUI_FontArialNarrow22_00E5             0x2000e36e   Data          88  arial narrow22.o(.constdata)
    acGUI_FontArialNarrow22_00E6             0x2000e3c6   Data         110  arial narrow22.o(.constdata)
    acGUI_FontArialNarrow22_00E7             0x2000e434   Data          66  arial narrow22.o(.constdata)
    acGUI_FontArialNarrow22_00E8             0x2000e476   Data          88  arial narrow22.o(.constdata)
    acGUI_FontArialNarrow22_00E9             0x2000e4ce   Data          88  arial narrow22.o(.constdata)
    acGUI_FontArialNarrow22_00EA             0x2000e526   Data          66  arial narrow22.o(.constdata)
    acGUI_FontArialNarrow22_00EB             0x2000e568   Data          88  arial narrow22.o(.constdata)
    acGUI_FontArialNarrow22_00EC             0x2000e5c0   Data         110  arial narrow22.o(.constdata)
    acGUI_FontArialNarrow22_00ED             0x2000e62e   Data          88  arial narrow22.o(.constdata)
    acGUI_FontArialNarrow22_00EE             0x2000e686   Data          88  arial narrow22.o(.constdata)
    acGUI_FontArialNarrow22_00EF             0x2000e6de   Data          88  arial narrow22.o(.constdata)
    acGUI_FontArialNarrow22_00F0             0x2000e736   Data          88  arial narrow22.o(.constdata)
    acGUI_FontArialNarrow22_00F1             0x2000e78e   Data          88  arial narrow22.o(.constdata)
    acGUI_FontArialNarrow22_00F2             0x2000e7e6   Data          66  arial narrow22.o(.constdata)
    acGUI_FontArialNarrow22_00F3             0x2000e828   Data          88  arial narrow22.o(.constdata)
    acGUI_FontArialNarrow22_00F4             0x2000e880   Data         132  arial narrow22.o(.constdata)
    acGUI_FontArialNarrow22_00F5             0x2000e904   Data          88  arial narrow22.o(.constdata)
    acGUI_FontArialNarrow22_00F6             0x2000e95c   Data          88  arial narrow22.o(.constdata)
    acGUI_FontArialNarrow22_00F7             0x2000e9b4   Data          88  arial narrow22.o(.constdata)
    acGUI_FontArialNarrow22_00F8             0x2000ea0c   Data         132  arial narrow22.o(.constdata)
    acGUI_FontArialNarrow22_00F9             0x2000ea90   Data         132  arial narrow22.o(.constdata)
    acGUI_FontArialNarrow22_00FA             0x2000eb14   Data         110  arial narrow22.o(.constdata)
    acGUI_FontArialNarrow22_00FB             0x2000eb82   Data         110  arial narrow22.o(.constdata)
    acGUI_FontArialNarrow22_00FC             0x2000ebf0   Data          88  arial narrow22.o(.constdata)
    acGUI_FontArialNarrow22_00FD             0x2000ec48   Data          88  arial narrow22.o(.constdata)
    acGUI_FontArialNarrow22_00FE             0x2000eca0   Data         110  arial narrow22.o(.constdata)
    acGUI_FontArialNarrow22_00FF             0x2000ed0e   Data          88  arial narrow22.o(.constdata)
    GUI_FontArialNarrow22_CharInfo           0x2000ed68   Data        1552  arial narrow22.o(.constdata)
    crc32_table                              0x2000f378   Data        1024  can.o(.constdata)
    Region$$Table$$Base                      0x2000f9ec   Number         0  anon$$obj.o(Region$$Table)
    Region$$Table$$Limit                     0x2000fa0c   Number         0  anon$$obj.o(Region$$Table)
    SystemCoreClock                          0x20010000   Data           4  system_stm32f4xx.o(.data)
    uwTick                                   0x20010004   Data           4  stm32f4xx_hal.o(.data)
    pxCurrentTCB                             0x2001002c   Data           4  tasks.o(.data)
    message_mode                             0x20010068   Data           1  stm32f4xx_it.o(.data)
    hcrc                                     0x20010074   Data           8  main.o(.data)
    defaultTaskHandle                        0x2001007c   Data           4  main.o(.data)
    LCDPrintCurrentHandle                    0x20010080   Data           4  main.o(.data)
    PrintKernelLoadHandle                    0x20010084   Data           4  main.o(.data)
    PrintRTCHandle                           0x20010088   Data           4  main.o(.data)
    LED1BlinkHandle                          0x2001008c   Data           4  main.o(.data)
    LED2BlinkHandle                          0x20010090   Data           4  main.o(.data)
    LED3BlinkHandle                          0x20010094   Data           4  main.o(.data)
    LED4BlinkHandle                          0x20010098   Data           4  main.o(.data)
    CommandMsgDecodHandle                    0x2001009c   Data           4  main.o(.data)
    LCDBlinkCursorHandle                     0x200100a0   Data           4  main.o(.data)
    PS2CharDecodeHandle                      0x200100a4   Data           4  main.o(.data)
    QueuePrintLCDHandle                      0x200100a8   Data           4  main.o(.data)
    QueueCANRecieveHandle                    0x200100ac   Data           4  main.o(.data)
    QueueCANTransmiteHandle                  0x200100b0   Data           4  main.o(.data)
    xCANStructPointHandle                    0x200100b4   Data           4  main.o(.data)
    xDMA2Stream2Handle                       0x200100b8   Data           4  main.o(.data)
    xRTCSemaphoreHandle                      0x200100bc   Data           4  main.o(.data)
    xDMA2DSemaphoreHandle                    0x200100c0   Data           4  main.o(.data)
    xBlinkCursorSemaphoreHandle              0x200100c4   Data           4  main.o(.data)
    xLED1SemaphoreHandle                     0x200100c8   Data           4  main.o(.data)
    xLED2SemaphoreHandle                     0x200100cc   Data           4  main.o(.data)
    xLED3SemaphoreHandle                     0x200100d0   Data           4  main.o(.data)
    xLED4SemaphoreHandle                     0x200100d4   Data           4  main.o(.data)
    xInputMsgSemaphoreHandle                 0x200100d8   Data           4  main.o(.data)
    xCPULoadSemaphoreHandle                  0x200100dc   Data           4  main.o(.data)
    xDMA2Stream2SemaphoreHandle              0x200100e0   Data           4  main.o(.data)
    xPS2CharSemaphoreHandle                  0x200100e4   Data           4  main.o(.data)
    xTIM6SemaphoreHandle                     0x200100e8   Data           4  main.o(.data)
    xTIM7SemaphoreHandle                     0x200100ec   Data           4  main.o(.data)
    xDMA2Stream7SemaphoreHandle              0x200100f0   Data           4  main.o(.data)
    xCAN_TXSemaphoreHandle                   0x200100f4   Data           4  main.o(.data)
    xQueueCANTX                              0x200100f8   Data           4  main.o(.data)
    xQueueCANRX                              0x200100fc   Data           4  main.o(.data)
    CANNetID                                 0x20010100   Data           4  mytasks.o(.data)
    CANTX                                    0x20010104   Data           4  mytasks.o(.data)
    UART_Download                            0x20010108   Data           4  mytasks.o(.data)
    Timer2000                                0x2001010c   Data           4  mytasks.o(.data)
    Timer1000                                0x20010110   Data           4  mytasks.o(.data)
    last_countnode                           0x20010114   Data           1  mytasks.o(.data)
    CursorPos                                0x20010116   Data           2  mytasks.o(.data)
    cpuload                                  0x20010118   Data           2  mytasks.o(.data)
    current_line                             0x2001011a   Data           2  mytasks.o(.data)
    ControlKey                               0x2001011c   Data           6  mytasks.o(.data)
    MsgId                                    0x20010124   Data          72  mytasks.o(.data)
    pTaskName                                0x2001016c   Data          28  mytasks.o(.data)
    pTaskAction                              0x20010188   Data          36  mytasks.o(.data)
    scancode                                 0x200101c8   Data           1  ps2_keyboard.o(.data)
    parity                                   0x200101c9   Data           1  ps2_keyboard.o(.data)
    GlobalUpdateFlag                         0x200101cc   Data           1  can.o(.data)
    indexFirmware                            0x200101cd   Data           1  can.o(.data)
    sizebin                                  0x200101d0   Data           4  can.o(.data)
    countbyte_firmware                       0x200101d4   Data           4  can.o(.data)
    pCANNode                                 0x200101d8   Data           4  can.o(.data)
    countnode                                0x200101dc   Data           1  can.o(.data)
    CANNodeBuffer                            0x200101e0   Data          16  can.o(.data)
    hdma2d                                   0x20013ee0   Data          64  main.o(.bss)
    hltdc                                    0x20013f20   Data         168  main.o(.bss)
    hrtc                                     0x20013fc8   Data          32  main.o(.bss)
    htim6                                    0x20013fe8   Data          60  main.o(.bss)
    htim7                                    0x20014024   Data          60  main.o(.bss)
    htim13                                   0x20014060   Data          60  main.o(.bss)
    huart1                                   0x2001409c   Data          64  main.o(.bss)
    hdma_usart1_rx                           0x200140dc   Data          96  main.o(.bss)
    hdma_usart1_tx                           0x2001413c   Data          96  main.o(.bss)
    hsdram2                                  0x2001419c   Data          52  main.o(.bss)
    htim14                                   0x200141d0   Data          60  stm32f4xx_hal_timebase_tim.o(.bss)
    CommandMsgBuffer                         0x2001420c   Data          50  mytasks.o(.bss)
    _swapBuffer                              0x2001423e   Data         256  lcddriver.o(.bss)
    PS2_KBD_VAR                              0x2001433e   Data          10  ps2_keyboard.o(.bss)
    NetIndexBuff                             0x20014348   Data          16  can.o(.bss)
    __libspace_start                         0x20014358   Data          96  libspace.o(.bss)
    __temporary_stack_top$libspace           0x200143b8   Data           0  libspace.o(.bss)



==============================================================================

Memory Map of the image

  Image Entry point : 0x200001ad

  Load Region LR_IROM1 (Base: 0x20000000, Size: 0x0000fbfc, Max: 0x00010000, ABSOLUTE, COMPRESSED[0x0000fa8c])

    Execution Region ER_IROM1 (Base: 0x20000000, Size: 0x0000fa0c, Max: 0x00010000, ABSOLUTE)

    Base Addr    Size         Type   Attr      Idx    E Section Name        Object

    0x20000000   0x000001ac   Data   RO            3    RESET               startup_stm32f429xx.o
    0x200001ac   0x00000008   Code   RO         5719  * !!!main             c_w.l(__main.o)
    0x200001b4   0x00000034   Code   RO         5878    !!!scatter          c_w.l(__scatter.o)
    0x200001e8   0x0000005a   Code   RO         5876    !!dczerorl2         c_w.l(__dczerorl2.o)
    0x20000242   0x00000002   PAD
    0x20000244   0x0000001c   Code   RO         5880    !!handler_zi        c_w.l(__scatter_zi.o)
    0x20000260   0x00000002   Code   RO         5746    .ARM.Collect$$libinit$$00000000  c_w.l(libinit.o)
    0x20000262   0x00000004   Code   RO         5752    .ARM.Collect$$libinit$$00000001  c_w.l(libinit2.o)
    0x20000266   0x00000000   Code   RO         5755    .ARM.Collect$$libinit$$00000004  c_w.l(libinit2.o)
    0x20000266   0x00000000   Code   RO         5758    .ARM.Collect$$libinit$$0000000A  c_w.l(libinit2.o)
    0x20000266   0x00000000   Code   RO         5760    .ARM.Collect$$libinit$$0000000C  c_w.l(libinit2.o)
    0x20000266   0x00000000   Code   RO         5762    .ARM.Collect$$libinit$$0000000E  c_w.l(libinit2.o)
    0x20000266   0x00000000   Code   RO         5765    .ARM.Collect$$libinit$$00000011  c_w.l(libinit2.o)
    0x20000266   0x00000000   Code   RO         5767    .ARM.Collect$$libinit$$00000013  c_w.l(libinit2.o)
    0x20000266   0x00000000   Code   RO         5769    .ARM.Collect$$libinit$$00000015  c_w.l(libinit2.o)
    0x20000266   0x00000000   Code   RO         5771    .ARM.Collect$$libinit$$00000017  c_w.l(libinit2.o)
    0x20000266   0x00000000   Code   RO         5773    .ARM.Collect$$libinit$$00000019  c_w.l(libinit2.o)
    0x20000266   0x00000000   Code   RO         5775    .ARM.Collect$$libinit$$0000001B  c_w.l(libinit2.o)
    0x20000266   0x00000000   Code   RO         5777    .ARM.Collect$$libinit$$0000001D  c_w.l(libinit2.o)
    0x20000266   0x00000000   Code   RO         5779    .ARM.Collect$$libinit$$0000001F  c_w.l(libinit2.o)
    0x20000266   0x00000000   Code   RO         5781    .ARM.Collect$$libinit$$00000021  c_w.l(libinit2.o)
    0x20000266   0x00000000   Code   RO         5783    .ARM.Collect$$libinit$$00000023  c_w.l(libinit2.o)
    0x20000266   0x00000000   Code   RO         5785    .ARM.Collect$$libinit$$00000025  c_w.l(libinit2.o)
    0x20000266   0x00000000   Code   RO         5789    .ARM.Collect$$libinit$$0000002C  c_w.l(libinit2.o)
    0x20000266   0x00000000   Code   RO         5791    .ARM.Collect$$libinit$$0000002E  c_w.l(libinit2.o)
    0x20000266   0x00000000   Code   RO         5793    .ARM.Collect$$libinit$$00000030  c_w.l(libinit2.o)
    0x20000266   0x00000000   Code   RO         5795    .ARM.Collect$$libinit$$00000032  c_w.l(libinit2.o)
    0x20000266   0x00000002   Code   RO         5796    .ARM.Collect$$libinit$$00000033  c_w.l(libinit2.o)
    0x20000268   0x00000002   Code   RO         5816    .ARM.Collect$$libshutdown$$00000000  c_w.l(libshutdown.o)
    0x2000026a   0x00000000   Code   RO         5829    .ARM.Collect$$libshutdown$$00000002  c_w.l(libshutdown2.o)
    0x2000026a   0x00000000   Code   RO         5831    .ARM.Collect$$libshutdown$$00000004  c_w.l(libshutdown2.o)
    0x2000026a   0x00000000   Code   RO         5834    .ARM.Collect$$libshutdown$$00000007  c_w.l(libshutdown2.o)
    0x2000026a   0x00000000   Code   RO         5837    .ARM.Collect$$libshutdown$$0000000A  c_w.l(libshutdown2.o)
    0x2000026a   0x00000000   Code   RO         5839    .ARM.Collect$$libshutdown$$0000000C  c_w.l(libshutdown2.o)
    0x2000026a   0x00000000   Code   RO         5842    .ARM.Collect$$libshutdown$$0000000F  c_w.l(libshutdown2.o)
    0x2000026a   0x00000002   Code   RO         5843    .ARM.Collect$$libshutdown$$00000010  c_w.l(libshutdown2.o)
    0x2000026c   0x00000000   Code   RO         5721    .ARM.Collect$$rtentry$$00000000  c_w.l(__rtentry.o)
    0x2000026c   0x00000000   Code   RO         5723    .ARM.Collect$$rtentry$$00000002  c_w.l(__rtentry2.o)
    0x2000026c   0x00000006   Code   RO         5735    .ARM.Collect$$rtentry$$00000004  c_w.l(__rtentry4.o)
    0x20000272   0x00000000   Code   RO         5725    .ARM.Collect$$rtentry$$00000009  c_w.l(__rtentry2.o)
    0x20000272   0x00000004   Code   RO         5726    .ARM.Collect$$rtentry$$0000000A  c_w.l(__rtentry2.o)
    0x20000276   0x00000000   Code   RO         5728    .ARM.Collect$$rtentry$$0000000C  c_w.l(__rtentry2.o)
    0x20000276   0x00000008   Code   RO         5729    .ARM.Collect$$rtentry$$0000000D  c_w.l(__rtentry2.o)
    0x2000027e   0x00000002   Code   RO         5750    .ARM.Collect$$rtexit$$00000000  c_w.l(rtexit.o)
    0x20000280   0x00000000   Code   RO         5798    .ARM.Collect$$rtexit$$00000002  c_w.l(rtexit2.o)
    0x20000280   0x00000004   Code   RO         5799    .ARM.Collect$$rtexit$$00000003  c_w.l(rtexit2.o)
    0x20000284   0x00000006   Code   RO         5800    .ARM.Collect$$rtexit$$00000004  c_w.l(rtexit2.o)
    0x2000028a   0x00000002   PAD
    0x2000028c   0x000000ba   Code   RO         3768    .emb_text           port.o
    0x20000346   0x00000002   PAD
    0x20000348   0x00000040   Code   RO            4    .text               startup_stm32f429xx.o
    0x20000388   0x00000048   Code   RO         5709    .text               c_w.l(strcpy.o)
    0x200003d0   0x0000008a   Code   RO         5711    .text               c_w.l(rt_memcpy_v6.o)
    0x2000045a   0x00000064   Code   RO         5713    .text               c_w.l(rt_memcpy_w.o)
    0x200004be   0x00000002   PAD
    0x200004c0   0x00000080   Code   RO         5715    .text               c_w.l(strcmpv7m.o)
    0x20000540   0x00000006   Code   RO         5717    .text               c_w.l(heapauxi.o)
    0x20000546   0x0000004a   Code   RO         5737    .text               c_w.l(sys_stackheap_outer.o)
    0x20000590   0x00000012   Code   RO         5739    .text               c_w.l(exit.o)
    0x200005a2   0x00000002   PAD
    0x200005a4   0x00000008   Code   RO         5747    .text               c_w.l(libspace.o)
    0x200005ac   0x0000000c   Code   RO         5808    .text               c_w.l(sys_exit.o)
    0x200005b8   0x00000002   Code   RO         5819    .text               c_w.l(use_no_semi.o)
    0x200005ba   0x00000000   Code   RO         5821    .text               c_w.l(indicate_semi.o)
    0x200005ba   0x00000002   PAD
    0x200005bc   0x0000009c   Code   RO         4913    i.CAN2_RX0_IRQHandler  stm32f4xx_it.o
    0x20000658   0x0000009c   Code   RO         4914    i.CAN2_RX1_IRQHandler  stm32f4xx_it.o
    0x200006f4   0x00000024   Code   RO         4915    i.CAN2_TX_IRQHandler  stm32f4xx_it.o
    0x20000718   0x00000028   Code   RO         4916    i.DMA2D_IRQHandler  stm32f4xx_it.o
    0x20000740   0x00000108   Code   RO         3263    i.DMA2D_SetConfig   stm32f4xx_hal_dma2d.o
    0x20000848   0x00000010   Code   RO         4917    i.DMA2_Stream2_IRQHandler  stm32f4xx_it.o
    0x20000858   0x00000024   Code   RO         4918    i.DMA2_Stream7_IRQHandler  stm32f4xx_it.o
    0x2000087c   0x00000034   Code   RO         2174    i.DMA_CalcBaseAndBitshift  stm32f4xx_hal_dma.o
    0x200008b0   0x000000aa   Code   RO         2175    i.DMA_CheckFifoParam  stm32f4xx_hal_dma.o
    0x2000095a   0x0000002c   Code   RO         2176    i.DMA_SetConfig     stm32f4xx_hal_dma.o
    0x20000986   0x00000002   PAD
    0x20000988   0x00000018   Code   RO         4919    i.EXTI15_10_IRQHandler  stm32f4xx_it.o
    0x200009a0   0x00000018   Code   RO         4920    i.EXTI2_IRQHandler  stm32f4xx_it.o
    0x200009b8   0x00000018   Code   RO         4921    i.EXTI3_IRQHandler  stm32f4xx_it.o
    0x200009d0   0x00000018   Code   RO         4922    i.EXTI9_5_IRQHandler  stm32f4xx_it.o
    0x200009e8   0x00000074   Code   RO         3480    i.FMC_SDRAM_Init    stm32f4xx_ll_fmc.o
    0x20000a5c   0x0000000e   Code   RO         3481    i.FMC_SDRAM_ProgramRefreshRate  stm32f4xx_ll_fmc.o
    0x20000a6a   0x00000052   Code   RO         3482    i.FMC_SDRAM_SendCommand  stm32f4xx_ll_fmc.o
    0x20000abc   0x0000009c   Code   RO         3484    i.FMC_SDRAM_Timing_Init  stm32f4xx_ll_fmc.o
    0x20000b58   0x00000024   Code   RO          292    i.HAL_CRC_Init      stm32f4xx_hal_crc.o
    0x20000b7c   0x00000034   Code   RO         5073    i.HAL_CRC_MspInit   stm32f4xx_hal_msp.o
    0x20000bb0   0x00000002   Code   RO         3269    i.HAL_DMA2D_CLUTLoadingCpltCallback  stm32f4xx_hal_dma2d.o
    0x20000bb2   0x00000002   PAD
    0x20000bb4   0x00000100   Code   RO         3275    i.HAL_DMA2D_ConfigLayer  stm32f4xx_hal_dma2d.o
    0x20000cb4   0x00000166   Code   RO         3282    i.HAL_DMA2D_IRQHandler  stm32f4xx_hal_dma2d.o
    0x20000e1a   0x00000060   Code   RO         3283    i.HAL_DMA2D_Init    stm32f4xx_hal_dma2d.o
    0x20000e7a   0x00000002   Code   RO         3284    i.HAL_DMA2D_LineEventCallback  stm32f4xx_hal_dma2d.o
    0x20000e7c   0x00000048   Code   RO         5075    i.HAL_DMA2D_MspInit  stm32f4xx_hal_msp.o
    0x20000ec4   0x0000005a   Code   RO         3291    i.HAL_DMA2D_Start_IT  stm32f4xx_hal_dma2d.o
    0x20000f1e   0x000000aa   Code   RO         2177    i.HAL_DMA_Abort     stm32f4xx_hal_dma.o
    0x20000fc8   0x00000028   Code   RO         2178    i.HAL_DMA_Abort_IT  stm32f4xx_hal_dma.o
    0x20000ff0   0x00000248   Code   RO         2182    i.HAL_DMA_IRQHandler  stm32f4xx_hal_dma.o
    0x20001238   0x000000ec   Code   RO         2183    i.HAL_DMA_Init      stm32f4xx_hal_dma.o
    0x20001324   0x00000066   Code   RO         2186    i.HAL_DMA_Start     stm32f4xx_hal_dma.o
    0x2000138a   0x0000001e   Code   RO         2405    i.HAL_Delay         stm32f4xx_hal.o
    0x200013a8   0x000000e8   Code   RO         5077    i.HAL_FMC_MspInit   stm32f4xx_hal_msp.o
    0x20001490   0x00000002   Code   RO         2564    i.HAL_GPIO_EXTI_Callback  stm32f4xx_hal_gpio.o
    0x20001492   0x00000002   PAD
    0x20001494   0x0000001c   Code   RO         2565    i.HAL_GPIO_EXTI_IRQHandler  stm32f4xx_hal_gpio.o
    0x200014b0   0x0000021c   Code   RO         2566    i.HAL_GPIO_Init     stm32f4xx_hal_gpio.o
    0x200016cc   0x0000000c   Code   RO         2570    i.HAL_GPIO_WritePin  stm32f4xx_hal_gpio.o
    0x200016d8   0x0000000c   Code   RO         2413    i.HAL_GetTick       stm32f4xx_hal.o
    0x200016e4   0x00000010   Code   RO         2415    i.HAL_IncTick       stm32f4xx_hal.o
    0x200016f4   0x0000003c   Code   RO         2416    i.HAL_Init          stm32f4xx_hal.o
    0x20001730   0x0000008c   Code   RO         5349    i.HAL_InitTick      stm32f4xx_hal_timebase_tim.o
    0x200017bc   0x0000005e   Code   RO         3009    i.HAL_LTDC_ConfigLayer  stm32f4xx_hal_ltdc.o
    0x2000181a   0x00000002   Code   RO         3022    i.HAL_LTDC_ErrorCallback  stm32f4xx_hal_ltdc.o
    0x2000181c   0x000000f4   Code   RO         3025    i.HAL_LTDC_IRQHandler  stm32f4xx_hal_ltdc.o
    0x20001910   0x0000011c   Code   RO         3026    i.HAL_LTDC_Init     stm32f4xx_hal_ltdc.o
    0x20001a2c   0x00000002   Code   RO         3027    i.HAL_LTDC_LineEventCallback  stm32f4xx_hal_ltdc.o
    0x20001a2e   0x00000002   PAD
    0x20001a30   0x00000138   Code   RO         5079    i.HAL_LTDC_MspInit  stm32f4xx_hal_msp.o
    0x20001b68   0x00000042   Code   RO         3031    i.HAL_LTDC_Reload   stm32f4xx_hal_ltdc.o
    0x20001baa   0x00000002   Code   RO         3032    i.HAL_LTDC_ReloadEventCallback  stm32f4xx_hal_ltdc.o
    0x20001bac   0x00000058   Code   RO         3034    i.HAL_LTDC_SetAddress_NoReload  stm32f4xx_hal_ltdc.o
    0x20001c04   0x00000056   Code   RO         5080    i.HAL_MspInit       stm32f4xx_hal_msp.o
    0x20001c5a   0x0000001a   Code   RO         1206    i.HAL_NVIC_EnableIRQ  stm32f4xx_hal_cortex.o
    0x20001c74   0x0000007c   Code   RO         1212    i.HAL_NVIC_SetPriority  stm32f4xx_hal_cortex.o
    0x20001cf0   0x00000028   Code   RO         1213    i.HAL_NVIC_SetPriorityGrouping  stm32f4xx_hal_cortex.o
    0x20001d18   0x000000a4   Code   RO         3687    i.HAL_PWREx_EnableOverDrive  stm32f4xx_hal_pwr_ex.o
    0x20001dbc   0x00000370   Code   RO         2134    i.HAL_RCCEx_PeriphCLKConfig  stm32f4xx_hal_rcc_ex.o
    0x2000212c   0x000001d0   Code   RO          349    i.HAL_RCC_ClockConfig  stm32f4xx_hal_rcc.o
    0x200022fc   0x00000044   Code   RO          353    i.HAL_RCC_GetClockConfig  stm32f4xx_hal_rcc.o
    0x20002340   0x0000000c   Code   RO          354    i.HAL_RCC_GetHCLKFreq  stm32f4xx_hal_rcc.o
    0x2000234c   0x0000002c   Code   RO          356    i.HAL_RCC_GetPCLK1Freq  stm32f4xx_hal_rcc.o
    0x20002378   0x0000002c   Code   RO          357    i.HAL_RCC_GetPCLK2Freq  stm32f4xx_hal_rcc.o
    0x200023a4   0x000000b4   Code   RO          358    i.HAL_RCC_GetSysClockFreq  stm32f4xx_hal_rcc.o
    0x20002458   0x0000044c   Code   RO          361    i.HAL_RCC_OscConfig  stm32f4xx_hal_rcc.o
    0x200028a4   0x00000012   Code   RO          451    i.HAL_RTCEx_BKUPRead  stm32f4xx_hal_rtc_ex.o
    0x200028b6   0x00000012   Code   RO          452    i.HAL_RTCEx_BKUPWrite  stm32f4xx_hal_rtc_ex.o
    0x200028c8   0x0000004e   Code   RO          460    i.HAL_RTCEx_EnableBypassShadow  stm32f4xx_hal_rtc_ex.o
    0x20002916   0x00000002   PAD
    0x20002918   0x00000144   Code   RO          478    i.HAL_RTCEx_SetWakeUpTimer_IT  stm32f4xx_hal_rtc_ex.o
    0x20002a5c   0x00000002   Code   RO          483    i.HAL_RTCEx_WakeUpTimerEventCallback  stm32f4xx_hal_rtc_ex.o
    0x20002a5e   0x00000002   PAD
    0x20002a60   0x00000040   Code   RO          484    i.HAL_RTCEx_WakeUpTimerIRQHandler  stm32f4xx_hal_rtc_ex.o
    0x20002aa0   0x0000004c   Code   RO         2873    i.HAL_RTC_GetDate   stm32f4xx_hal_rtc.o
    0x20002aec   0x00000060   Code   RO         2875    i.HAL_RTC_GetTime   stm32f4xx_hal_rtc.o
    0x20002b4c   0x000000b4   Code   RO         2876    i.HAL_RTC_Init      stm32f4xx_hal_rtc.o
    0x20002c00   0x0000002c   Code   RO         5082    i.HAL_RTC_MspInit   stm32f4xx_hal_msp.o
    0x20002c2c   0x00000114   Code   RO         2882    i.HAL_RTC_SetDate   stm32f4xx_hal_rtc.o
    0x20002d40   0x00000134   Code   RO         2883    i.HAL_RTC_SetTime   stm32f4xx_hal_rtc.o
    0x20002e74   0x0000003a   Code   RO         2884    i.HAL_RTC_WaitForSynchro  stm32f4xx_hal_rtc.o
    0x20002eae   0x00000040   Code   RO          702    i.HAL_SDRAM_Init    stm32f4xx_hal_sdram.o
    0x20002eee   0x0000000a   Code   RO         5084    i.HAL_SDRAM_MspInit  stm32f4xx_hal_msp.o
    0x20002ef8   0x00000028   Code   RO          705    i.HAL_SDRAM_ProgramRefreshRate  stm32f4xx_hal_sdram.o
    0x20002f20   0x0000003a   Code   RO          711    i.HAL_SDRAM_SendCommand  stm32f4xx_hal_sdram.o
    0x20002f5a   0x00000028   Code   RO         1215    i.HAL_SYSTICK_CLKSourceConfig  stm32f4xx_hal_cortex.o
    0x20002f82   0x00000034   Code   RO         1217    i.HAL_SYSTICK_Config  stm32f4xx_hal_cortex.o
    0x20002fb6   0x00000002   Code   RO         2629    i.HAL_TIMEx_BreakCallback  stm32f4xx_hal_tim_ex.o
    0x20002fb8   0x00000002   Code   RO         2630    i.HAL_TIMEx_CommutationCallback  stm32f4xx_hal_tim_ex.o
    0x20002fba   0x00000062   Code   RO         2646    i.HAL_TIMEx_MasterConfigSynchronization  stm32f4xx_hal_tim_ex.o
    0x2000301c   0x00000034   Code   RO         1343    i.HAL_TIM_Base_Init  stm32f4xx_hal_tim.o
    0x20003050   0x000000b4   Code   RO         5086    i.HAL_TIM_Base_MspInit  stm32f4xx_hal_msp.o
    0x20003104   0x0000001e   Code   RO         1348    i.HAL_TIM_Base_Start_IT  stm32f4xx_hal_tim.o
    0x20003122   0x00000002   Code   RO         1372    i.HAL_TIM_IC_CaptureCallback  stm32f4xx_hal_tim.o
    0x20003124   0x00000196   Code   RO         1385    i.HAL_TIM_IRQHandler  stm32f4xx_hal_tim.o
    0x200032ba   0x00000002   PAD
    0x200032bc   0x00000034   Code   RO         5087    i.HAL_TIM_MspPostInit  stm32f4xx_hal_msp.o
    0x200032f0   0x00000002   Code   RO         1388    i.HAL_TIM_OC_DelayElapsedCallback  stm32f4xx_hal_tim.o
    0x200032f2   0x00000108   Code   RO         1409    i.HAL_TIM_PWM_ConfigChannel  stm32f4xx_hal_tim.o
    0x200033fa   0x00000034   Code   RO         1412    i.HAL_TIM_PWM_Init  stm32f4xx_hal_tim.o
    0x2000342e   0x00000002   Code   RO         1414    i.HAL_TIM_PWM_MspInit  stm32f4xx_hal_tim.o
    0x20003430   0x00000002   Code   RO         1415    i.HAL_TIM_PWM_PulseFinishedCallback  stm32f4xx_hal_tim.o
    0x20003432   0x00000002   PAD
    0x20003434   0x0000004c   Code   RO         1416    i.HAL_TIM_PWM_Start  stm32f4xx_hal_tim.o
    0x20003480   0x00000018   Code   RO         5218    i.HAL_TIM_PeriodElapsedCallback  main.o
    0x20003498   0x00000002   Code   RO         1426    i.HAL_TIM_TriggerCallback  stm32f4xx_hal_tim.o
    0x2000349a   0x00000002   Code   RO          873    i.HAL_UART_ErrorCallback  stm32f4xx_hal_uart.o
    0x2000349c   0x0000014c   Code   RO          876    i.HAL_UART_IRQHandler  stm32f4xx_hal_uart.o
    0x200035e8   0x00000072   Code   RO          877    i.HAL_UART_Init     stm32f4xx_hal_uart.o
    0x2000365a   0x00000002   PAD
    0x2000365c   0x00000154   Code   RO         5089    i.HAL_UART_MspInit  stm32f4xx_hal_msp.o
    0x200037b0   0x00000002   Code   RO          883    i.HAL_UART_RxCpltCallback  stm32f4xx_hal_uart.o
    0x200037b2   0x00000002   Code   RO          888    i.HAL_UART_TxCpltCallback  stm32f4xx_hal_uart.o
    0x200037b4   0x000000a0   Code   RO         5502    i.LCD_ClearRec      lcddriver.o
    0x20003854   0x000000f4   Code   RO         5503    i.LCD_PutChar       lcddriver.o
    0x20003948   0x00000134   Code   RO         5504    i.LCD_PutString     lcddriver.o
    0x20003a7c   0x00000010   Code   RO         4923    i.LTDC_IRQHandler   stm32f4xx_it.o
    0x20003a8c   0x00000212   Code   RO         3045    i.LTDC_SetConfig    stm32f4xx_hal_ltdc.o
    0x20003c9e   0x00000002   PAD
    0x20003ca0   0x00000034   Code   RO         5219    i.MX_CRC_Init       main.o
    0x20003cd4   0x00000060   Code   RO         5220    i.MX_DMA2D_Init     main.o
    0x20003d34   0x00000048   Code   RO         5221    i.MX_DMA_Init       main.o
    0x20003d7c   0x00000080   Code   RO         5222    i.MX_FMC_Init       main.o
    0x20003dfc   0x000001a4   Code   RO         5223    i.MX_GPIO_Init      main.o
    0x20003fa0   0x00000140   Code   RO         5224    i.MX_LTDC_Init      main.o
    0x200040e0   0x000000e8   Code   RO         5225    i.MX_RTC_Init       main.o
    0x200041c8   0x00000088   Code   RO         5226    i.MX_TIM13_Init     main.o
    0x20004250   0x00000060   Code   RO         5227    i.MX_TIM6_Init      main.o
    0x200042b0   0x00000060   Code   RO         5228    i.MX_TIM7_Init      main.o
    0x20004310   0x0000004c   Code   RO         5229    i.MX_USART1_UART_Init  main.o
    0x2000435c   0x00000018   Code   RO         5230    i.NVIC_ClearPendingIRQ  main.o
    0x20004374   0x00000018   Code   RO         5564    i.NVIC_ClearPendingIRQ  ps2_keyboard.o
    0x2000438c   0x00000010   Code   RO         1219    i.NVIC_GetPriorityGrouping  stm32f4xx_hal_cortex.o
    0x2000439c   0x00000028   Code   RO         1220    i.NVIC_SetPriority  stm32f4xx_hal_cortex.o
    0x200043c4   0x00000098   Code   RO         5565    i.PS2_KBD_CheckScancode  ps2_keyboard.o
    0x2000445c   0x000000e8   Code   RO         5566    i.PS2_KBD_ISR       ps2_keyboard.o
    0x20004544   0x0000011c   Code   RO         5567    i.PS2_KBD_LowLevelDeInit  ps2_keyboard.o
    0x20004660   0x0000018c   Code   RO         5568    i.PS2_KBD_LowLevelInit  ps2_keyboard.o
    0x200047ec   0x0000002c   Code   RO         5569    i.PS2_KBD_Timeout_RX  ps2_keyboard.o
    0x20004818   0x00000024   Code   RO         5570    i.PS2_KBD_Timeout_TX  ps2_keyboard.o
    0x2000483c   0x000000e4   Code   RO         5571    i.PS2_KBD_Tx        ps2_keyboard.o
    0x20004920   0x00000016   Code   RO         2885    i.RTC_Bcd2ToByte    stm32f4xx_hal_rtc.o
    0x20004936   0x0000001a   Code   RO         2886    i.RTC_ByteToBcd2    stm32f4xx_hal_rtc.o
    0x20004950   0x0000003e   Code   RO         2887    i.RTC_EnterInitMode  stm32f4xx_hal_rtc.o
    0x2000498e   0x00000002   PAD
    0x20004990   0x0000001c   Code   RO         4924    i.RTC_WKUP_IRQHandler  stm32f4xx_it.o
    0x200049ac   0x000000c4   Code   RO         5231    i.SDRAM_Initialization_sequence  main.o
    0x20004a70   0x00000204   Code   RO         5232    i.StartDefaultTask  main.o
    0x20004c74   0x00000008   Code   RO         4925    i.SysTick_Handler   stm32f4xx_it.o
    0x20004c7c   0x00000124   Code   RO         5233    i.SystemClock_Config  main.o
    0x20004da0   0x00000064   Code   RO           14    i.SystemInit        system_stm32f4xx.o
    0x20004e04   0x00000078   Code   RO         4926    i.TIM3_IRQHandler   stm32f4xx_it.o
    0x20004e7c   0x0000001c   Code   RO         4927    i.TIM6_DAC_IRQHandler  stm32f4xx_it.o
    0x20004e98   0x0000001c   Code   RO         4928    i.TIM7_IRQHandler   stm32f4xx_it.o
    0x20004eb4   0x00000010   Code   RO         4929    i.TIM8_TRG_COM_TIM14_IRQHandler  stm32f4xx_it.o
    0x20004ec4   0x000000e4   Code   RO         1427    i.TIM_Base_SetConfig  stm32f4xx_hal_tim.o
    0x20004fa8   0x0000001c   Code   RO         1428    i.TIM_CCxChannelCmd  stm32f4xx_hal_tim.o
    0x20004fc4   0x00000070   Code   RO         1436    i.TIM_OC1_SetConfig  stm32f4xx_hal_tim.o
    0x20005034   0x00000078   Code   RO         1437    i.TIM_OC2_SetConfig  stm32f4xx_hal_tim.o
    0x200050ac   0x00000078   Code   RO         1438    i.TIM_OC3_SetConfig  stm32f4xx_hal_tim.o
    0x20005124   0x00000060   Code   RO         1439    i.TIM_OC4_SetConfig  stm32f4xx_hal_tim.o
    0x20005184   0x00000014   Code   RO          890    i.UART_DMAAbortOnError  stm32f4xx_hal_uart.o
    0x20005198   0x00000020   Code   RO          900    i.UART_EndRxTransfer  stm32f4xx_hal_uart.o
    0x200051b8   0x00000020   Code   RO          901    i.UART_EndTransmit_IT  stm32f4xx_hal_uart.o
    0x200051d8   0x0000009a   Code   RO          903    i.UART_Receive_IT   stm32f4xx_hal_uart.o
    0x20005272   0x00000002   PAD
    0x20005274   0x00000368   Code   RO          904    i.UART_SetConfig    stm32f4xx_hal_uart.o
    0x200055dc   0x0000004c   Code   RO         5645    i.UART_Terminal_DMATran  can.o
    0x20005628   0x00000068   Code   RO          905    i.UART_Transmit_IT  stm32f4xx_hal_uart.o
    0x20005690   0x00000060   Code   RO         4930    i.USART1_IRQHandler  stm32f4xx_it.o
    0x200056f0   0x00000004   Code   RO         5234    i._Error_Handler    main.o
    0x200056f4   0x00000294   Code   RO         5646    i.bxCAN_Init        can.o
    0x20005988   0x00000030   Code   RO         5647    i.crc32_check       can.o
    0x200059b8   0x00000010   Code   RO         4133    i.inHandlerMode     cmsis_os.o
    0x200059c8   0x0000042c   Code   RO         5235    i.main              main.o
    0x20005df4   0x0000000e   Code   RO         4135    i.makeFreeRtosPriority  cmsis_os.o
    0x20005e02   0x00000018   Code   RO         4137    i.osDelay           cmsis_os.o
    0x20005e1a   0x0000000a   Code   RO         4140    i.osKernelStart     cmsis_os.o
    0x20005e24   0x00000014   Code   RO         4141    i.osKernelSysTick   cmsis_os.o
    0x20005e38   0x00000012   Code   RO         4149    i.osMessageCreate   cmsis_os.o
    0x20005e4a   0x00000002   PAD
    0x20005e4c   0x0000009c   Code   RO         4151    i.osMessageGet      cmsis_os.o
    0x20005ee8   0x00000060   Code   RO         4153    i.osMessagePut      cmsis_os.o
    0x20005f48   0x0000000c   Code   RO         4155    i.osMutexCreate     cmsis_os.o
    0x20005f54   0x00000050   Code   RO         4157    i.osMutexRelease    cmsis_os.o
    0x20005fa4   0x0000006c   Code   RO         4158    i.osMutexWait       cmsis_os.o
    0x20006010   0x00000032   Code   RO         4166    i.osSemaphoreCreate  cmsis_os.o
    0x20006042   0x00000002   PAD
    0x20006044   0x00000050   Code   RO         4169    i.osSemaphoreRelease  cmsis_os.o
    0x20006094   0x0000006c   Code   RO         4170    i.osSemaphoreWait   cmsis_os.o
    0x20006100   0x00000010   Code   RO         4173    i.osSystickHandler  cmsis_os.o
    0x20006110   0x00000030   Code   RO         4174    i.osThreadCreate    cmsis_os.o
    0x20006140   0x00000034   Code   RO         4178    i.osThreadResume    cmsis_os.o
    0x20006174   0x0000000e   Code   RO         4181    i.osThreadSuspend   cmsis_os.o
    0x20006182   0x0000000e   Code   RO         4183    i.osThreadTerminate  cmsis_os.o
    0x20006190   0x00000098   Code   RO         4515    i.prvAddCurrentTaskToDelayedList  tasks.o
    0x20006228   0x000000b4   Code   RO         4516    i.prvAddNewTaskToReadyList  tasks.o
    0x200062dc   0x00000064   Code   RO         4517    i.prvCheckTasksWaitingTermination  tasks.o
    0x20006340   0x0000002a   Code   RO         3956    i.prvCopyDataFromQueue  queue.o
    0x2000636a   0x0000007c   Code   RO         3957    i.prvCopyDataToQueue  queue.o
    0x200063e6   0x00000012   Code   RO         4518    i.prvDeleteTCB      tasks.o
    0x200063f8   0x0000007c   Code   RO         3885    i.prvHeapInit       heap_4.o
    0x20006474   0x0000002c   Code   RO         4519    i.prvIdleTask       tasks.o
    0x200064a0   0x0000001c   Code   RO         3958    i.prvInitialiseMutex  queue.o
    0x200064bc   0x00000026   Code   RO         3959    i.prvInitialiseNewQueue  queue.o
    0x200064e2   0x000000aa   Code   RO         4520    i.prvInitialiseNewTask  tasks.o
    0x2000658c   0x00000068   Code   RO         4521    i.prvInitialiseTaskLists  tasks.o
    0x200065f4   0x00000068   Code   RO         3886    i.prvInsertBlockIntoFreeList  heap_4.o
    0x2000665c   0x0000001a   Code   RO         3960    i.prvIsQueueEmpty   queue.o
    0x20006676   0x0000001e   Code   RO         3961    i.prvIsQueueFull    queue.o
    0x20006694   0x00000034   Code   RO         4522    i.prvResetNextTaskUnblockTime  tasks.o
    0x200066c8   0x00000040   Code   RO         3769    i.prvTaskExitError  port.o
    0x20006708   0x00000058   Code   RO         4523    i.prvTaskIsTaskSuspended  tasks.o
    0x20006760   0x0000007e   Code   RO         3962    i.prvUnlockQueue    queue.o
    0x200067de   0x00000002   PAD
    0x200067e0   0x0000013c   Code   RO         3887    i.pvPortMalloc      heap_4.o
    0x2000691c   0x00000020   Code   RO         4524    i.pvTaskIncrementMutexHeldCount  tasks.o
    0x2000693c   0x0000002c   Code   RO         3770    i.pxPortInitialiseStack  port.o
    0x20006968   0x00000028   Code   RO         4806    i.uxListRemove      list.o
    0x20006990   0x00000084   Code   RO         5389    i.vApplicationIdleHook  mytasks.o
    0x20006a14   0x00000b18   Code   RO         5390    i.vCommandMsgDecode  mytasks.o
    0x2000752c   0x0000006c   Code   RO         5391    i.vLCDBlinkCursor   mytasks.o
    0x20007598   0x000000d8   Code   RO         5392    i.vLCDPrintCurrent  mytasks.o
    0x20007670   0x00000088   Code   RO         5393    i.vLED1Blink        mytasks.o
    0x200076f8   0x00000088   Code   RO         5394    i.vLED2Blink        mytasks.o
    0x20007780   0x00000088   Code   RO         5395    i.vLED3Blink        mytasks.o
    0x20007808   0x00000088   Code   RO         5396    i.vLED4Blink        mytasks.o
    0x20007890   0x0000001a   Code   RO         4807    i.vListInitialise   list.o
    0x200078aa   0x00000006   Code   RO         4808    i.vListInitialiseItem  list.o
    0x200078b0   0x00000034   Code   RO         4809    i.vListInsert       list.o
    0x200078e4   0x00000018   Code   RO         4810    i.vListInsertEnd    list.o
    0x200078fc   0x0000046c   Code   RO         5397    i.vPS2CharDecode    mytasks.o
    0x20007d68   0x00000054   Code   RO         3772    i.vPortEnterCritical  port.o
    0x20007dbc   0x0000003c   Code   RO         3773    i.vPortExitCritical  port.o
    0x20007df8   0x00000094   Code   RO         3888    i.vPortFree         heap_4.o
    0x20007e8c   0x00000020   Code   RO         3774    i.vPortSetupTimerInterrupt  port.o
    0x20007eac   0x00000078   Code   RO         3775    i.vPortValidateInterruptPriority  port.o
    0x20007f24   0x000001cc   Code   RO         5398    i.vPrintKernelLoad  mytasks.o
    0x200080f0   0x000001e8   Code   RO         5399    i.vPrintRTC         mytasks.o
    0x200082d8   0x000004d4   Code   RO         5648    i.vTaskCANFIFO      can.o
    0x200087ac   0x000000f8   Code   RO         5649    i.vTaskCANTX        can.o
    0x200088a4   0x0000005c   Code   RO         4530    i.vTaskDelay        tasks.o
    0x20008900   0x000000f4   Code   RO         4531    i.vTaskDelete       tasks.o
    0x200089f4   0x0000000c   Code   RO         4533    i.vTaskMissedYield  tasks.o
    0x20008a00   0x00000038   Code   RO         4535    i.vTaskPlaceOnEventList  tasks.o
    0x20008a38   0x000000b0   Code   RO         4537    i.vTaskPriorityInherit  tasks.o
    0x20008ae8   0x00000090   Code   RO         4539    i.vTaskResume       tasks.o
    0x20008b78   0x00000030   Code   RO         4540    i.vTaskSetTimeOutState  tasks.o
    0x20008ba8   0x00000088   Code   RO         4541    i.vTaskStartScheduler  tasks.o
    0x20008c30   0x000000e4   Code   RO         4542    i.vTaskSuspend      tasks.o
    0x20008d14   0x00000010   Code   RO         4543    i.vTaskSuspendAll   tasks.o
    0x20008d24   0x0000008c   Code   RO         4544    i.vTaskSwitchContext  tasks.o
    0x20008db0   0x0000026c   Code   RO         5650    i.vTaskUART_Download  can.o
    0x2000901c   0x000003c4   Code   RO         5400    i.vTimer1000ms      mytasks.o
    0x200093e0   0x000001b0   Code   RO         5401    i.vTimer2000ms      mytasks.o
    0x20009590   0x0000000c   Code   RO         3890    i.xPortGetFreeHeapSize  heap_4.o
    0x2000959c   0x0000013c   Code   RO         3776    i.xPortStartScheduler  port.o
    0x200096d8   0x00000034   Code   RO         3777    i.xPortSysTickHandler  port.o
    0x2000970c   0x0000005c   Code   RO         3969    i.xQueueCreateCountingSemaphore  queue.o
    0x20009768   0x00000022   Code   RO         3970    i.xQueueCreateMutex  queue.o
    0x2000978a   0x00000058   Code   RO         3971    i.xQueueGenericCreate  queue.o
    0x200097e2   0x00000002   PAD
    0x200097e4   0x000001c4   Code   RO         3972    i.xQueueGenericReceive  queue.o
    0x200099a8   0x00000098   Code   RO         3973    i.xQueueGenericReset  queue.o
    0x20009a40   0x000001a8   Code   RO         3974    i.xQueueGenericSend  queue.o
    0x20009be8   0x000000f8   Code   RO         3975    i.xQueueGenericSendFromISR  queue.o
    0x20009ce0   0x000000e0   Code   RO         3976    i.xQueueGiveFromISR  queue.o
    0x20009dc0   0x000000ca   Code   RO         3980    i.xQueueReceiveFromISR  queue.o
    0x20009e8a   0x00000002   PAD
    0x20009e8c   0x0000008c   Code   RO         4545    i.xTaskCheckForTimeOut  tasks.o
    0x20009f18   0x00000060   Code   RO         4546    i.xTaskCreate       tasks.o
    0x20009f78   0x00000020   Code   RO         4550    i.xTaskGetSchedulerState  tasks.o
    0x20009f98   0x0000000c   Code   RO         4551    i.xTaskGetTickCount  tasks.o
    0x20009fa4   0x00000014   Code   RO         4552    i.xTaskGetTickCountFromISR  tasks.o
    0x20009fb8   0x00000148   Code   RO         4553    i.xTaskIncrementTick  tasks.o
    0x2000a100   0x000000c8   Code   RO         4556    i.xTaskPriorityDisinherit  tasks.o
    0x2000a1c8   0x00000098   Code   RO         4557    i.xTaskRemoveFromEventList  tasks.o
    0x2000a260   0x00000104   Code   RO         4559    i.xTaskResumeAll    tasks.o
    0x2000a364   0x000000b4   Code   RO         4560    i.xTaskResumeFromISR  tasks.o
    0x2000a418   0x0000000a   Code   RO         5806    x$fpl$fpinit        fz_wm.l(fpinit.o)
    0x2000a422   0x00000018   Data   RO           15    .constdata          system_stm32f4xx.o
    0x2000a43a   0x00000008   Data   RO         2189    .constdata          stm32f4xx_hal_dma.o
    0x2000a442   0x00000002   PAD
    0x2000a444   0x000000e4   Data   RO         5237    .constdata          main.o
    0x2000a528   0x00000131   Data   RO         5403    .constdata          mytasks.o
    0x2000a659   0x00000100   Data   RO         5506    .constdata          lcddriver.o
    0x2000a759   0x00000003   PAD
    0x2000a75c   0x00004c1c   Data   RO         5543    .constdata          arial narrow22.o
    0x2000f378   0x00000400   Data   RO         5652    .constdata          can.o
    0x2000f778   0x00000098   Data   RO         5238    .conststring        main.o
    0x2000f810   0x000001a9   Data   RO         5404    .conststring        mytasks.o
    0x2000f9b9   0x00000003   PAD
    0x2000f9bc   0x0000002d   Data   RO         5653    .conststring        can.o
    0x2000f9e9   0x00000003   PAD
    0x2000f9ec   0x00000020   Data   RO         5874    Region$$Table       anon$$obj.o


    Execution Region RW_IRAM1 (Base: 0x20010000, Size: 0x000049b8, Max: 0x00005000, ABSOLUTE, COMPRESSED[0x00000080])

    Base Addr    Size         Type   Attr      Idx    E Section Name        Object

    0x20010000   0x00000004   Data   RW           16    .data               system_stm32f4xx.o
    0x20010004   0x00000004   Data   RW         2422    .data               stm32f4xx_hal.o
    0x20010008   0x0000000c   Data   RW         3778    .data               port.o
    0x20010014   0x00000018   Data   RW         3893    .data               heap_4.o
    0x2001002c   0x0000003c   Data   RW         4562    .data               tasks.o
    0x20010068   0x00000001   Data   RW         4931    .data               stm32f4xx_it.o
    0x20010069   0x00000003   PAD
    0x2001006c   0x00000008   Data   RW         5090    .data               stm32f4xx_hal_msp.o
    0x20010074   0x0000008c   Data   RW         5239    .data               main.o
    0x20010100   0x000000c8   Data   RW         5405    .data               mytasks.o
    0x200101c8   0x00000004   Data   RW         5573    .data               ps2_keyboard.o
    0x200101cc   0x00000024   Data   RW         5654    .data               can.o
    0x200101f0   0x00003c00   Zero   RW         3892    .bss                heap_4.o
    0x20013df0   0x000000f0   Zero   RW         4561    .bss                tasks.o
    0x20013ee0   0x000002f0   Zero   RW         5236    .bss                main.o
    0x200141d0   0x0000003c   Zero   RW         5352    .bss                stm32f4xx_hal_timebase_tim.o
    0x2001420c   0x00000032   Zero   RW         5402    .bss                mytasks.o
    0x2001423e   0x00000100   Zero   RW         5505    .bss                lcddriver.o
    0x2001433e   0x0000000a   Zero   RW         5572    .bss                ps2_keyboard.o
    0x20014348   0x00000010   Zero   RW         5651    .bss                can.o
    0x20014358   0x00000060   Zero   RW         5748    .bss                c_w.l(libspace.o)
    0x200143b8   0x00000200   Zero   RW            2    HEAP                startup_stm32f429xx.o
    0x200145b8   0x00000400   Zero   RW            1    STACK               startup_stm32f429xx.o


==============================================================================

Image component sizes


      Code (inc. data)   RO Data    RW Data    ZI Data      Debug   Object Name

         0          0      19484          0          0      16899   arial narrow22.o
      2888        264       1069         36         16       7307   can.o
       936         30          0          0          0      29425   cmsis_os.o
         0          0          0          0          0       8048   croutine.o
       704         68          0         24      15360       9398   heap_4.o
       712         76        256          0        256       3954   lcddriver.o
       148          0          0          0          0       3566   list.o
      3848        506        380        140        752      42227   main.o
      7316        910        730        200         50      14566   mytasks.o
       958         92          0         12          0      14141   port.o
      1396        124          0          4         10      32863   ps2_keyboard.o
      2330         16          0          0          0      28388   queue.o
        64         26        428          0       1536        836   startup_stm32f429xx.o
       118         16          0          4          0       3808   stm32f4xx_hal.o
       338         22          0          0          0      31513   stm32f4xx_hal_cortex.o
        36          0          0          0          0       1043   stm32f4xx_hal_crc.o
      1398         20          8          0          0       6963   stm32f4xx_hal_dma.o
      1068         12          0          0          0       6815   stm32f4xx_hal_dma2d.o
       582         58          0          0          0       3540   stm32f4xx_hal_gpio.o
      1312          6          0          0          0       6983   stm32f4xx_hal_ltdc.o
      1380        174          0          8          0       7189   stm32f4xx_hal_msp.o
       164         12          0          0          0       1280   stm32f4xx_hal_pwr_ex.o
      1912         90          0          0          0       6129   stm32f4xx_hal_rcc.o
       880         24          0          0          0       1568   stm32f4xx_hal_rcc_ex.o
      1104         22          0          0          0       7310   stm32f4xx_hal_rtc.o
       504         12          0          0          0       4683   stm32f4xx_hal_rtc_ex.o
       162          0          0          0          0       2728   stm32f4xx_hal_sdram.o
      1594         88          0          0          0      12184   stm32f4xx_hal_tim.o
       102          0          0          0          0       2338   stm32f4xx_hal_tim_ex.o
       140         18          0          0         60       1497   stm32f4xx_hal_timebase_tim.o
      1666         14          0          0          0       7815   stm32f4xx_hal_uart.o
       876        184          0          1          0      19159   stm32f4xx_it.o
       368          4          0          0          0       3532   stm32f4xx_ll_fmc.o
       100         18         24          4          0     790679   system_stm32f4xx.o
      3652        488          0         60        240      28370   tasks.o

    ----------------------------------------------------------------------
     40792       3394      22422        496      18280    1168744   Object Totals
         0          0         32          0          0          0   (incl. Generated)
        36          0         11          3          0          0   (incl. Padding)

    ----------------------------------------------------------------------

      Code (inc. data)   RO Data    RW Data    ZI Data      Debug   Library Member Name

        90          0          0          0          0          0   __dczerorl2.o
         8          0          0          0          0         68   __main.o
         0          0          0          0          0          0   __rtentry.o
        12          0          0          0          0          0   __rtentry2.o
         6          0          0          0          0          0   __rtentry4.o
        52          8          0          0          0          0   __scatter.o
        28          0          0          0          0          0   __scatter_zi.o
        18          0          0          0          0         80   exit.o
         6          0          0          0          0        152   heapauxi.o
         0          0          0          0          0          0   indicate_semi.o
         2          0          0          0          0          0   libinit.o
         6          0          0          0          0          0   libinit2.o
         2          0          0          0          0          0   libshutdown.o
         2          0          0          0          0          0   libshutdown2.o
         8          4          0          0         96         68   libspace.o
       138          0          0          0          0         68   rt_memcpy_v6.o
       100          0          0          0          0         80   rt_memcpy_w.o
         2          0          0          0          0          0   rtexit.o
        10          0          0          0          0          0   rtexit2.o
       128          0          0          0          0         68   strcmpv7m.o
        72          0          0          0          0         80   strcpy.o
        12          4          0          0          0         68   sys_exit.o
        74          0          0          0          0         80   sys_stackheap_outer.o
         2          0          0          0          0         68   use_no_semi.o
        10          0          0          0          0        116   fpinit.o

    ----------------------------------------------------------------------
       798         16          0          0         96        996   Library Totals
        10          0          0          0          0          0   (incl. Padding)

    ----------------------------------------------------------------------

      Code (inc. data)   RO Data    RW Data    ZI Data      Debug   Library Name

       778         16          0          0         96        880   c_w.l
        10          0          0          0          0        116   fz_wm.l

    ----------------------------------------------------------------------
       798         16          0          0         96        996   Library Totals

    ----------------------------------------------------------------------

==============================================================================


      Code (inc. data)   RO Data    RW Data    ZI Data      Debug   

     41590       3410      22422        496      18376    1143376   Grand Totals
     41590       3410      22422        128      18376    1143376   ELF Image Totals (compressed)
     41590       3410      22422        128          0          0   ROM Totals

==============================================================================

    Total RO  Size (Code + RO Data)                64012 (  62.51kB)
    Total RW  Size (RW Data + ZI Data)             18872 (  18.43kB)
    Total ROM Size (Code + RO Data + RW Data)      64140 (  62.64kB)

==============================================================================

